<html>
<body>
<pre>
<h1>礦ision Build Log</h1>
<h2>Tool Versions:</h2>
IDE-Version: μVision V5.14.0.0
Copyright (C) 2015 ARM Ltd and ARM Germany GmbH. All rights reserved.
License Information: 1 1, 1, LIC=P6F8T-R7DW2-JPJZQ-N87K7-I2FWQ-8XL0B
 
Tool Versions:
Toolchain:       MDK-ARM Professional  Version: 5.14.0.0
Toolchain Path:  D:\MDK5\ARM\ARMCC\Bin
C Compiler:      Armcc.exe V5.05 update 1 (build 106)
Assembler:       Armasm.exe V5.05 update 1 (build 106)
Linker/Locator:  ArmLink.exe V5.05 update 1 (build 106)
Library Manager: ArmAr.exe V5.05 update 1 (build 106)
Hex Converter:   FromElf.exe V5.05 update 1 (build 106)
CPU DLL:         SARMCM3.DLL V5.14.0.0
Dialog DLL:      DARMSTM.DLL V1.65.0.0
Target DLL:      Segger\JL2CM3.dll V2.99.13.0
Dialog DLL:      TARMSTM.DLL V1.64.0.0
 
<h2>Project:</h2>
C:\Users\su\Documents\GitHub\RTU-shuiwen\USER\Template.uvprojx
Project File Date:  01/04/2020

<h2>Output:</h2>
Build target 'Target 1'
compiling thread.c...
..\THREAD\thread.c(24): warning:  #177-D: variable "SYSTEM_DATA_BROADCAST_STK" was declared but never referenced
  static OS_STK  SYSTEM_DATA_BROADCAST_STK[SYSTEM_DATA_BROADCAST_STK_SIZE] = {0};               //系统数据
..\THREAD\thread.c(27): warning:  #177-D: variable "AppTaskXXXStk" was declared but never referenced
  __align(8) static OS_STK AppTaskXXXStk[200];
..\THREAD\thread.c: 2 warnings, 0 errors
compiling ftpd.c...
compiling protocol.c...
linking...
Program Size: Code=151922 RO-data=178090 RW-data=688 ZI-data=1108424  
FromELF: creating hex file...
"..\OBJ\Template.axf" - 0 Error(s), 2 Warning(s).

<h2>Collection of Component include folders:</h2>
  C:\Users\su\Documents\GitHub\RTU-shuiwen\USER\RTE
  D:\MDK5\Keil\STM32F1xx_DFP\1.0.5\Device\Include

<h2>Collection of Component Files used:</h2>
</pre>
</body>
</html>
