<html>
<body>
<pre>
<h1>µVision Build Log</h1>
<h2>Tool Versions:</h2>
IDE-Version: ¦ÌVision V5.14.0.0
Copyright (C) 2015 ARM Ltd and ARM Germany GmbH. All rights reserved.
License Information: 1 1, 1, LIC=P6F8T-R7DW2-JPJZQ-N87K7-I2FWQ-8XL0B
 
Tool Versions:
Toolchain:       MDK-ARM Professional  Version: 5.14.0.0
Toolchain Path:  D:\MDK5\ARM\ARMCC\Bin
C Compiler:      Armcc.exe V5.05 update 1 (build 106)
Assembler:       Armasm.exe V5.05 update 1 (build 106)
Linker/Locator:  ArmLink.exe V5.05 update 1 (build 106)
Library Manager: ArmAr.exe V5.05 update 1 (build 106)
Hex Converter:   FromElf.exe V5.05 update 1 (build 106)
CPU DLL:         SARMCM3.DLL V5.14.0.0
Dialog DLL:      DARMSTM.DLL V1.65.0.0
Target DLL:      UL2CM3.DLL V1.155.0.0
Dialog DLL:      TARMSTM.DLL V1.64.0.0
 
<h2>Project:</h2>
C:\Users\su\Documents\GitHub\RTU-shuiwen\USER\Template.uvprojx
Project File Date:  01/04/2020

<h2>Output:</h2>
Build target 'Target 1'
compiling main.c...
compiling stm32f10x_it.c...
compiling system_stm32f10x.c...
compiling thread.c...
..\THREAD\thread.c(23): warning:  #177-D: variable "SYSTEM_DATA_BROADCAST_STK" was declared but never referenced
  static OS_STK  SYSTEM_DATA_BROADCAST_STK[SYSTEM_DATA_BROADCAST_STK_SIZE] = {0};
..\THREAD\thread.c(26): warning:  #177-D: variable "AppTaskXXXStk" was declared but never referenced
  __align(8) static OS_STK AppTaskXXXStk[200];
..\THREAD\thread.c: 2 warnings, 0 errors
compiling wk2124.c...
compiling spi.c...
compiling rs485.c...
compiling dm9000.c...
compiling sdio_sdcard.c...
compiling w25qxx.c...
compiling rtc.c...
compiling st16c554.c...
compiling sram.c...
compiling sd3078rtc.c...
compiling adc.c...
compiling pwctrl.c...
compiling hco5.c...
compiling gps.c...
compiling wkup.c...
compiling sensor_water.c...
compiling rs232.c...
compiling iwdg.c...
compiling delay.c...
compiling sys.c...
compiling usart.c...
compiling core_cm3.c...
assembling startup_stm32f10x_hd.s...
compiling misc.c...
compiling stm32f10x_gpio.c...
compiling stm32f10x_usart.c...
compiling stm32f10x_rcc.c...
compiling stm32f10x_spi.c...
compiling stm32f10x_adc.c...
compiling stm32f10x_bkp.c...
compiling stm32f10x_can.c...
compiling stm32f10x_cec.c...
compiling stm32f10x_crc.c...
compiling stm32f10x_dac.c...
compiling stm32f10x_dbgmcu.c...
compiling stm32f10x_dma.c...
compiling stm32f10x_exti.c...
compiling stm32f10x_flash.c...
compiling stm32f10x_fsmc.c...
compiling stm32f10x_i2c.c...
compiling stm32f10x_iwdg.c...
compiling stm32f10x_pwr.c...
compiling stm32f10x_rtc.c...
compiling stm32f10x_sdio.c...
compiling stm32f10x_tim.c...
compiling stm32f10x_wwdg.c...
compiling os_core.c...
compiling os_flag.c...
compiling os_mbox.c...
compiling os_mem.c...
compiling os_mutex.c...
compiling os_q.c...
compiling os_sem.c...
compiling os_task.c...
compiling os_time.c...
compiling os_tmr.c...
compiling os_cpu_c.c...
assembling os_cpu_a.asm...
compiling malloc.c...
compiling etharp.c...
compiling ethernetif.c...
compiling autoip.c...
compiling icmp.c...
compiling igmp.c...
compiling inet.c...
compiling inet_chksum.c...
compiling ip.c...
compiling ip_addr.c...
compiling ip_frag.c...
compiling def.c...
compiling dhcp.c...
compiling dns.c...
compiling init.c...
compiling mem.c...
compiling memp.c...
compiling netif.c...
compiling pbuf.c...
compiling raw.c...
compiling stats.c...
compiling tcp.c...
compiling tcp_in.c...
compiling tcp_out.c...
compiling timers.c...
compiling udp.c...
compiling api_lib.c...
compiling api_msg.c...
compiling err.c...
compiling netbuf.c...
compiling netdb.c...
compiling netifapi.c...
compiling sockets.c...
compiling tcpip.c...
compiling sys_arch.c...
compiling lwip_comm.c...
compiling exfuns.c...
compiling fattester.c...
compiling diskio.c...
compiling ff.c...
compiling cc936.c...
compiling picture.c...
compiling 4g.c...
compiling ftpd.c...
compiling dmausart.c...
compiling short_letter.c...
compiling bluetooth.c...
compiling protocol.c...
compiling memory_my.c...
linking...
Program Size: Code=151922 RO-data=178090 RW-data=688 ZI-data=1108424  
FromELF: creating hex file...
"..\OBJ\Template.axf" - 0 Error(s), 2 Warning(s).

<h2>Collection of Component include folders:</h2>
  C:\Users\su\Documents\GitHub\RTU-shuiwen\USER\RTE
  D:\MDK5\Keil\STM32F1xx_DFP\1.0.5\Device\Include

<h2>Collection of Component Files used:</h2>
</pre>
</body>
</html>
