Component: ARM Compiler 5.05 update 1 (build 106) Tool: armlink [4d0efa]

==============================================================================

Section Cross References

    main.o(.text) refers to delay.o(.text) for delay_init
    main.o(.text) refers to stm32f10x_rcc.o(.text) for RCC_APB2PeriphClockCmd
    main.o(.text) refers to stm32f10x_gpio.o(.text) for GPIO_PinRemapConfig
    main.o(.text) refers to misc.o(.text) for NVIC_PriorityGroupConfig
    main.o(.text) refers to pwctrl.o(.text) for PWCTRL_GPIO_Init
    main.o(.text) refers to usart.o(.text) for RS232_1_Init
    main.o(.text) refers to dmausart.o(.text) for gprs_usart_init
    main.o(.text) refers to wk2124.o(.text) for WK2124_Init
    main.o(.text) refers to wkup.o(.text) for WKUP_Init
    main.o(.text) refers to rs485.o(.text) for RS485_GPIO_Init
    main.o(.text) refers to w25qxx.o(.text) for W25QXX_Init
    main.o(.text) refers to sram.o(.text) for FSMC_SRAM_Init
    main.o(.text) refers to malloc.o(.text) for my_mem_init
    main.o(.text) refers to sensor_water.o(.text) for DI_GPIO_Init
    main.o(.text) refers to adc.o(.text) for Adc_total_Init
    main.o(.text) refers to sd3078rtc.o(.text) for SD3078_Init
    main.o(.text) refers to 4g.o(.text) for GPRS_GPIO_Init
    main.o(.text) refers to exfuns.o(.text) for exfuns_init
    main.o(.text) refers to sdio_sdcard.o(.text) for SD_Init
    main.o(.text) refers to ff.o(.text) for f_mount
    main.o(.text) refers to os_core.o(.text) for OSInit
    main.o(.text) refers to __2printf.o(.text) for __2printf
    main.o(.text) refers to lwip_comm.o(.text) for lwip_comm_init
    main.o(.text) refers to st16c554.o(.text) for ST16C554D_Init
    main.o(.text) refers to os_task.o(.text) for OSTaskCreate
    main.o(.text) refers to exfuns.o(.data) for fs
    main.o(.text) refers to thread.o(.bss) for START_TASK_STK
    main.o(.text) refers to thread.o(.text) for start_task
    system_stm32f10x.o(.text) refers to system_stm32f10x.o(.data) for SystemCoreClock
    thread.o(.text) refers to _printf_pad.o(.text) for _printf_pre_padding
    thread.o(.text) refers to _printf_percent.o(.ARM.Collect$$_printf_percent$$00000000) for _printf_percent
    thread.o(.text) refers to _printf_x.o(.ARM.Collect$$_printf_percent$$0000000C) for _printf_x
    thread.o(.text) refers to _printf_hex_int_ll_ptr.o(.text) for _printf_longlong_hex
    thread.o(.text) refers to _printf_d.o(.ARM.Collect$$_printf_percent$$00000009) for _printf_d
    thread.o(.text) refers to _printf_f.o(.ARM.Collect$$_printf_percent$$00000003) for _printf_f
    thread.o(.text) refers to _printf_dec.o(.text) for _printf_int_dec
    thread.o(.text) refers to printf1.o(x$fpl$printf1) for _printf_fp_dec
    thread.o(.text) refers to os_q.o(.text) for OSQPend
    thread.o(.text) refers to usart.o(.text) for sw_log
    thread.o(.text) refers to os_time.o(.text) for OSTimeDlyHMSM
    thread.o(.text) refers to os_task.o(.text) for OSTaskSuspend
    thread.o(.text) refers to 4g.o(.text) for gprs_disconnect
    thread.o(.text) refers to wkup.o(.text) for enter_stop_mode
    thread.o(.text) refers to pwctrl.o(.text) for PWCTRL_GPIO_Init
    thread.o(.text) refers to dm9000.o(.text) for DM9000_Init
    thread.o(.text) refers to rt_memclr_w.o(.text) for __aeabi_memclr4
    thread.o(.text) refers to hco5.o(.text) for bluetooth_getbuff
    thread.o(.text) refers to __2printf.o(.text) for __2printf
    thread.o(.text) refers to bluetooth.o(.text) for Execute_commanad
    thread.o(.text) refers to strstr.o(.text) for strstr
    thread.o(.text) refers to protocol.o(.text) for GetDownFrameFunId
    thread.o(.text) refers to sd3078rtc.o(.text) for RTC_ReadDate
    thread.o(.text) refers to rtc.o(.text) for BCDTimeTodata
    thread.o(.text) refers to memory_my.o(.text) for RTU_parameters_Readdata
    thread.o(.text) refers to rs232.o(.text) for RS232_3_Send_buf
    thread.o(.text) refers to frleqf.o(x$fpl$frleqf) for __aeabi_cfrcmple
    thread.o(.text) refers to os_sem.o(.text) for OSSemPost
    thread.o(.text) refers to ftpd.o(.text) for ftpd_start
    thread.o(.text) refers to os_cpu_a.o(.text) for OS_CPU_SR_Save
    thread.o(.text) refers to thread.o(.data) for Message_Q
    thread.o(.text) refers to rs232.o(.data) for RS232_3_Recv_Address
    thread.o(.text) refers to rs232.o(.bss) for RS232_3_Recv
    thread.o(.text) refers to dmausart.o(.data) for g_usart2_receive_stat
    thread.o(.text) refers to dmausart.o(.bss) for DMA_usart2_Buf
    thread.o(.text) refers to protocol.o(.bss) for g_hour_message
    thread.o(.text) refers to ftpd.o(.data) for g_save_picture_flag
    thread.o(.text) refers to thread.o(.conststring) for .conststring
    thread.o(.text) refers to os_core.o(.text) for OSStatInit
    thread.o(.text) refers to iwdg.o(.text) for IWDG_Feed
    thread.o(.text) refers to fflt_clz.o(x$fpl$ffltu) for __aeabi_ui2f
    thread.o(.text) refers to fdiv.o(x$fpl$fdiv) for __aeabi_fdiv
    thread.o(.text) refers to f2d.o(x$fpl$f2d) for __aeabi_f2d
[...]
    mem_free_callback                        0x08019291   Thumb Code    16  tcpip.o(.text)
    sys_mbox_new                             0x0801935d   Thumb Code   108  sys_arch.o(.text)
    sys_mbox_free                            0x080193c9   Thumb Code    56  sys_arch.o(.text)
    sys_mbox_post                            0x08019401   Thumb Code    28  sys_arch.o(.text)
    sys_mbox_trypost                         0x0801941d   Thumb Code    32  sys_arch.o(.text)
    sys_arch_mbox_fetch                      0x0801943d   Thumb Code   154  sys_arch.o(.text)
    sys_arch_mbox_tryfetch                   0x080194d7   Thumb Code    18  sys_arch.o(.text)
    sys_mbox_valid                           0x080194e9   Thumb Code    56  sys_arch.o(.text)
    sys_mbox_set_invalid                     0x08019521   Thumb Code     6  sys_arch.o(.text)
    sys_sem_new                              0x08019527   Thumb Code    62  sys_arch.o(.text)
    sys_arch_sem_wait                        0x08019565   Thumb Code    96  sys_arch.o(.text)
    sys_sem_signal                           0x080195c5   Thumb Code    12  sys_arch.o(.text)
    sys_sem_free                             0x080195d1   Thumb Code    52  sys_arch.o(.text)
    sys_sem_valid                            0x08019605   Thumb Code    22  sys_arch.o(.text)
    sys_sem_set_invalid                      0x0801961b   Thumb Code     6  sys_arch.o(.text)
    sys_init                                 0x08019621   Thumb Code     2  sys_arch.o(.text)
    sys_thread_new                           0x08019623   Thumb Code    66  sys_arch.o(.text)
    sys_msleep                               0x08019665   Thumb Code    12  sys_arch.o(.text)
    sys_now                                  0x08019671   Thumb Code    26  sys_arch.o(.text)
    lwip_dm9000_input_task                   0x08019731   Thumb Code    12  lwip_comm.o(.text)
    lwip_comm_mem_free                       0x0801973d   Thumb Code    54  lwip_comm.o(.text)
    lwip_comm_mem_malloc                     0x08019773   Thumb Code   144  lwip_comm.o(.text)
    lwip_comm_default_ip_set                 0x08019803   Thumb Code   102  lwip_comm.o(.text)
    lwip_comm_init                           0x08019869   Thumb Code   364  lwip_comm.o(.text)
    exfuns_init                              0x08019b25   Thumb Code   114  exfuns.o(.text)
    char_upper                               0x08019b97   Thumb Code    26  exfuns.o(.text)
    f_typetell                               0x08019bb1   Thumb Code   188  exfuns.o(.text)
    exf_getfree                              0x08019c6d   Thumb Code    74  exfuns.o(.text)
    disk_status                              0x08019ccd   Thumb Code     6  diskio.o(.text)
    disk_initialize                          0x08019cd3   Thumb Code    52  diskio.o(.text)
    disk_read                                0x08019d07   Thumb Code   122  diskio.o(.text)
    disk_write                               0x08019d81   Thumb Code   122  diskio.o(.text)
    disk_ioctl                               0x08019dfb   Thumb Code   170  diskio.o(.text)
    get_fattime                              0x08019ea5   Thumb Code     4  diskio.o(.text)
    ff_memalloc                              0x08019ea9   Thumb Code    14  diskio.o(.text)
    ff_memfree                               0x08019eb7   Thumb Code    14  diskio.o(.text)
    clust2sect                               0x0801a083   Thumb Code    26  ff.o(.text)
    get_fat                                  0x0801a09d   Thumb Code   242  ff.o(.text)
    put_fat                                  0x0801a18f   Thumb Code   322  ff.o(.text)
    dir_sdi                                  0x0801a445   Thumb Code   158  ff.o(.text)
    f_mount                                  0x0801b4cf   Thumb Code    86  ff.o(.text)
    f_open                                   0x0801b525   Thumb Code   384  ff.o(.text)
    f_read                                   0x0801b6a5   Thumb Code   450  ff.o(.text)
    f_write                                  0x0801b867   Thumb Code   490  ff.o(.text)
    f_sync                                   0x0801ba51   Thumb Code   176  ff.o(.text)
    f_close                                  0x0801bb01   Thumb Code    32  ff.o(.text)
    f_lseek                                  0x0801bb21   Thumb Code   684  ff.o(.text)
    f_opendir                                0x0801bdcd   Thumb Code   136  ff.o(.text)
    f_closedir                               0x0801be55   Thumb Code    22  ff.o(.text)
    f_readdir                                0x0801be6b   Thumb Code   114  ff.o(.text)
    f_stat                                   0x0801bedd   Thumb Code    84  ff.o(.text)
    f_getfree                                0x0801bf31   Thumb Code   258  ff.o(.text)
    f_truncate                               0x0801c033   Thumb Code   184  ff.o(.text)
    f_unlink                                 0x0801c0eb   Thumb Code   190  ff.o(.text)
    f_mkdir                                  0x0801c1a9   Thumb Code   380  ff.o(.text)
    f_chmod                                  0x0801c325   Thumb Code   112  ff.o(.text)
    f_rename                                 0x0801c395   Thumb Code   290  ff.o(.text)
    f_utime                                  0x0801c4b7   Thumb Code   110  ff.o(.text)
    f_getlabel                               0x0801c525   Thumb Code   190  ff.o(.text)
    f_setlabel                               0x0801c5e3   Thumb Code   482  ff.o(.text)
    f_mkfs                                   0x0801c7c5   Thumb Code  1578  ff.o(.text)
    f_gets                                   0x0801cdef   Thumb Code    82  ff.o(.text)
    f_putc                                   0x0801ce85   Thumb Code    64  ff.o(.text)
    f_puts                                   0x0801cec5   Thumb Code    74  ff.o(.text)
    f_printf                                 0x0801cf0f   Thumb Code   674  ff.o(.text)
    f_deldir                                 0x0801d1b1   Thumb Code   188  ff.o(.text)
    ff_convert                               0x0801d27d   Thumb Code   116  cc936.o(.text)
    ff_wtoupper                              0x0801d2f1   Thumb Code    46  cc936.o(.text)
    delete_first_folder                      0x0801d35d   Thumb Code   188  picture.o(.text)
    create_directory                         0x0801d419   Thumb Code   274  picture.o(.text)
    getcontent                               0x0801d52b   Thumb Code   112  picture.o(.text)
    getcontent_bynum                         0x0801d59b   Thumb Code    74  picture.o(.text)
    GPRS_Reset                               0x0801d6ed   Thumb Code    24  4g.o(.text)
    err_process                              0x0801d705   Thumb Code   268  4g.o(.text)
    gprs_send_string                         0x0801d811   Thumb Code    22  4g.o(.text)
    gprs_send_cmd                            0x0801d827   Thumb Code    96  4g.o(.text)
    gprs_connect                             0x0801d887   Thumb Code   124  4g.o(.text)
    gprs_net_config                          0x0801d903   Thumb Code   116  4g.o(.text)
    gprs_init                                0x0801d977   Thumb Code   124  4g.o(.text)
    GPRS_4G_Init                             0x0801d9f3   Thumb Code  1016  4g.o(.text)
    InvertUint16                             0x0801dff5   Thumb Code    58  4g.o(.text)
    InvertUint8                              0x0801e02f   Thumb Code    58  4g.o(.text)
    CRC16_MODBUS                             0x0801e069   Thumb Code   120  4g.o(.text)
    gprs_send_string_len                     0x0801e251   Thumb Code   170  4g.o(.text)
    wp_send_data                             0x0801e2fb   Thumb Code   110  4g.o(.text)
    SendPictureToServer                      0x0801e369   Thumb Code   208  4g.o(.text)
    GPRS_GPIO_Init                           0x0801e439   Thumb Code   152  4g.o(.text)
    gprs_enter_sleep_mode                    0x0801e4d1   Thumb Code    38  4g.o(.text)
    gprs_exit_sleep_mode                     0x0801e4f7   Thumb Code     8  4g.o(.text)
    gprs_disconnect                          0x0801e4ff   Thumb Code    80  4g.o(.text)
    GetIntData_FromString                    0x0801e54f   Thumb Code    82  4g.o(.text)
    Analysis_Data_FromGPRS                   0x0801e5a1   Thumb Code   728  4g.o(.text)
    ftp_new_session                          0x0801e879   Thumb Code    38  ftpd.o(.text)
    ftp_close_session                        0x0801e89f   Thumb Code    74  ftpd.o(.text)
    ftp_get_filesize                         0x0801e8e9   Thumb Code     6  ftpd.o(.text)
    is_absolute_path                         0x0801e8ef   Thumb Code    16  ftpd.o(.text)
    build_full_path                          0x0801e8ff   Thumb Code    52  ftpd.o(.text)
    str_begin_with                           0x0801e933   Thumb Code    42  ftpd.o(.text)
    do_simple_list                           0x0801e95d   Thumb Code    38  ftpd.o(.text)
    do_list                                  0x0801e983   Thumb Code    40  ftpd.o(.text)
    ftp_process_request                      0x0801e9ab   Thumb Code  4978  ftpd.o(.text)
    ftpd_thread_entry                        0x0801fd1d   Thumb Code   920  ftpd.o(.text)
    ftpd_start                               0x080200b5   Thumb Code    86  ftpd.o(.text)
    gprs_usart_init                          0x080201fd   Thumb Code   238  dmausart.o(.text)
    MYDMA_Enable                             0x080202eb   Thumb Code    30  dmausart.o(.text)
    Usart2_Send                              0x08020309   Thumb Code    54  dmausart.o(.text)
    USART2_IRQHandler                        0x0802033f   Thumb Code    80  dmausart.o(.text)
    Response_upframe                         0x08020605   Thumb Code   138  bluetooth.o(.text)
    Execute_commanad                         0x0802068f   Thumb Code    76  bluetooth.o(.text)
    Get_IP_Information                       0x080206db   Thumb Code   122  bluetooth.o(.text)
    JudegeBCD                                0x08020893   Thumb Code    46  protocol.o(.text)
    ReadData_ByTimePeriod                    0x080208c1   Thumb Code    54  protocol.o(.text)
    SaveDayStartRainfall                     0x080208f7   Thumb Code    20  protocol.o(.text)
    ReadDayStartRainfall                     0x0802090b   Thumb Code    16  protocol.o(.text)
    HextoFloat                               0x08020ae7   Thumb Code   104  protocol.o(.text)
    BCDSendataToFloat                        0x08020b4f   Thumb Code    38  protocol.o(.text)
    FloatoHex                                0x08020be1   Thumb Code   176  protocol.o(.text)
    GetBCDSendata                            0x08020c91   Thumb Code    40  protocol.o(.text)
    QueryRealData_Init                       0x08020cb9   Thumb Code   518  protocol.o(.text)
    QueryTimePeriodData_Init                 0x08020ebf   Thumb Code   248  protocol.o(.text)
    plus_message_init                        0x08020fb7   Thumb Code   624  protocol.o(.text)
    hour_message_init                        0x08021227   Thumb Code   836  protocol.o(.text)
    QueryParameters_Init                     0x0802156b   Thumb Code   684  protocol.o(.text)
    SetParameters                            0x08021817   Thumb Code   372  protocol.o(.text)
    JudgeReceiveTimePeriod                   0x0802198b   Thumb Code    76  protocol.o(.text)
    GetDownFrameFunId                        0x080219d7   Thumb Code   214  protocol.o(.text)
    test_SendTimePeriodData                  0x08021c81   Thumb Code  1164  protocol.o(.text)
    ExecuteFunctionByFunId                   0x0802210d   Thumb Code   292  protocol.o(.text)
    print_struct                             0x08022231   Thumb Code    36  protocol.o(.text)
    Calibration_time_UpMessage_init          0x08022255   Thumb Code   596  protocol.o(.text)
    ResponseUpMessage                        0x080224a9   Thumb Code    78  protocol.o(.text)
    TimeDefTodate                            0x080224f7   Thumb Code    48  protocol.o(.text)
    GetMonthDays                             0x080225d9   Thumb Code    60  memory_my.o(.text)
    GetAddress                               0x08022615   Thumb Code   190  memory_my.o(.text)
    SaveDataToFlash                          0x080226d3   Thumb Code    78  memory_my.o(.text)
    ReadDataFromFlash                        0x08022721   Thumb Code    54  memory_my.o(.text)
    RTU_parameters_Readdata                  0x08022757   Thumb Code    16  memory_my.o(.text)
    SaveAndGetData_FiveMinute                0x08022767   Thumb Code   248  memory_my.o(.text)
    RTU_Operation_parameter_init             0x0802285f   Thumb Code   184  memory_my.o(.text)
    RTU_parameters_Writedata                 0x08022917   Thumb Code    16  memory_my.o(.text)
    __use_no_semihosting                     0x08022a15   Thumb Code     2  use_no_semi_2.o(.text)
    __rt_ctype_table                         0x08022a19   Thumb Code    16  rt_ctype_table.o(.text)
    __aeabi_ldivmod                          0x08022a29   Thumb Code     0  llsdiv.o(.text)
    _ll_sdiv                                 0x08022a29   Thumb Code    72  llsdiv.o(.text)
    __c89vsnprintf                           0x08022a71   Thumb Code    48  c89vsnprintf.o(.text)
    __2printf                                0x08022aa5   Thumb Code    20  __2printf.o(.text)
    __2sprintf                               0x08022abd   Thumb Code    38  __2sprintf.o(.text)
    __2snprintf                              0x08022ae9   Thumb Code    50  __2snprintf.o(.text)
    _printf_pre_padding                      0x08022b21   Thumb Code    44  _printf_pad.o(.text)
    _printf_post_padding                     0x08022b4d   Thumb Code    34  _printf_pad.o(.text)
    _printf_str                              0x08022b6f   Thumb Code    82  _printf_str.o(.text)
    _printf_int_dec                          0x08022bc1   Thumb Code   104  _printf_dec.o(.text)
    _printf_longlong_hex                     0x08022c39   Thumb Code    86  _printf_hex_int_ll_ptr.o(.text)
    _printf_int_hex                          0x08022c8f   Thumb Code    28  _printf_hex_int_ll_ptr.o(.text)
    _printf_ll_hex                           0x08022cab   Thumb Code    12  _printf_hex_int_ll_ptr.o(.text)
    _printf_hex_ptr                          0x08022cb7   Thumb Code    18  _printf_hex_int_ll_ptr.o(.text)
    __printf                                 0x08022ccd   Thumb Code   388  __printf_flags_ss_wp.o(.text)
    atoi                                     0x08022e55   Thumb Code    26  atoi.o(.text)
    strtol                                   0x08022e6f   Thumb Code   112  strtol.o(.text)
    strtok                                   0x08022ee1   Thumb Code     6  strtok.o(.text)
    strchr                                   0x08022eed   Thumb Code    20  strchr.o(.text)
    strstr                                   0x08022f01   Thumb Code    36  strstr.o(.text)
    memcmp                                   0x08022f25   Thumb Code    88  memcmp.o(.text)
    strcpy                                   0x08022f7d   Thumb Code    72  strcpy.o(.text)
    strlen                                   0x08022fc5   Thumb Code    62  strlen.o(.text)
    __aeabi_memcpy                           0x08023003   Thumb Code     0  rt_memcpy_v6.o(.text)
    __rt_memcpy                              0x08023003   Thumb Code   138  rt_memcpy_v6.o(.text)
    _memcpy_lastbytes                        0x08023069   Thumb Code     0  rt_memcpy_v6.o(.text)
    __aeabi_memcpy4                          0x0802308d   Thumb Code     0  rt_memcpy_w.o(.text)
    __aeabi_memcpy8                          0x0802308d   Thumb Code     0  rt_memcpy_w.o(.text)
    __rt_memcpy_w                            0x0802308d   Thumb Code   100  rt_memcpy_w.o(.text)
    _memcpy_lastbytes_aligned                0x080230d5   Thumb Code     0  rt_memcpy_w.o(.text)
    __aeabi_memclr                           0x080230f1   Thumb Code     0  rt_memclr.o(.text)
    __rt_memclr                              0x080230f1   Thumb Code    68  rt_memclr.o(.text)
    _memset                                  0x080230f5   Thumb Code     0  rt_memclr.o(.text)
    __aeabi_memclr4                          0x08023135   Thumb Code     0  rt_memclr_w.o(.text)
    __aeabi_memclr8                          0x08023135   Thumb Code     0  rt_memclr_w.o(.text)
    __rt_memclr_w                            0x08023135   Thumb Code    78  rt_memclr_w.o(.text)
    _memset_w                                0x08023139   Thumb Code     0  rt_memclr_w.o(.text)
    strcmp                                   0x08023185   Thumb Code   128  strcmpv7m.o(.text)
    __use_two_region_memory                  0x08023205   Thumb Code     2  heapauxi.o(.text)
    __rt_heap_escrow$2region                 0x08023207   Thumb Code     2  heapauxi.o(.text)
    __rt_heap_expand$2region                 0x08023209   Thumb Code     2  heapauxi.o(.text)
    __I$use$semihosting                      0x0802320b   Thumb Code     0  use_no_semi.o(.text)
    __use_no_semihosting_swi                 0x0802320b   Thumb Code     2  use_no_semi.o(.text)
    __rt_locale                              0x0802320d   Thumb Code     8  rt_locale_intlibspace.o(.text)
    __aeabi_errno_addr                       0x08023215   Thumb Code     8  rt_errno_addr_intlibspace.o(.text)
    __errno$intlibspace                      0x08023215   Thumb Code     0  rt_errno_addr_intlibspace.o(.text)
    __rt_errno_addr$intlibspace              0x08023215   Thumb Code     0  rt_errno_addr_intlibspace.o(.text)
    __aeabi_uldivmod                         0x0802321d   Thumb Code     0  lludivv7m.o(.text)
    _ll_udiv                                 0x0802321d   Thumb Code   238  lludivv7m.o(.text)
    _printf_truncate_signed                  0x0802330b   Thumb Code    18  _printf_truncate.o(.text)
    _printf_truncate_unsigned                0x0802331d   Thumb Code    18  _printf_truncate.o(.text)
    _printf_int_common                       0x0802332f   Thumb Code   178  _printf_intcommon.o(.text)
    _printf_charcount                        0x080233e1   Thumb Code    40  _printf_charcount.o(.text)
    __lib_sel_fp_printf                      0x08023409   Thumb Code     2  _printf_fp_dec.o(.text)
    _printf_fp_dec_real                      0x080235b7   Thumb Code   620  _printf_fp_dec.o(.text)
    _printf_char_common                      0x0802382f   Thumb Code    32  _printf_char_common.o(.text)
    _sputc                                   0x08023855   Thumb Code    10  _sputc.o(.text)
    _snputc                                  0x0802385f   Thumb Code    16  _snputc.o(.text)
    _printf_cs_common                        0x0802386f   Thumb Code    20  _printf_char.o(.text)
    _printf_char                             0x08023883   Thumb Code    16  _printf_char.o(.text)
    _printf_string                           0x08023893   Thumb Code     8  _printf_char.o(.text)
    _printf_char_file                        0x0802389d   Thumb Code    32  _printf_char_file.o(.text)
    _printf_wctomb                           0x080238c1   Thumb Code   182  _printf_wctomb.o(.text)
    _printf_longlong_dec                     0x0802397d   Thumb Code   108  _printf_longlong_dec.o(.text)
    _printf_longlong_oct                     0x080239f9   Thumb Code    68  _printf_oct_int_ll.o(.text)
    _printf_int_oct                          0x08023a3d   Thumb Code    24  _printf_oct_int_ll.o(.text)
    _printf_ll_oct                           0x08023a55   Thumb Code    12  _printf_oct_int_ll.o(.text)
    _strtoul                                 0x08023a69   Thumb Code   158  _strtoul.o(.text)
    __strtok_internal                        0x08023b09   Thumb Code    64  strtok_int.o(.text)
    __user_libspace                          0x08023b4d   Thumb Code     8  libspace.o(.text)
    __user_perproc_libspace                  0x08023b4d   Thumb Code     0  libspace.o(.text)
    __user_perthread_libspace                0x08023b4d   Thumb Code     0  libspace.o(.text)
    _ll_udiv10                               0x08023b55   Thumb Code   138  lludiv10.o(.text)
    _printf_fp_infnan                        0x08023be1   Thumb Code   112  _printf_fp_infnan.o(.text)
    _printf_lcs_common                       0x08023c61   Thumb Code    20  _printf_wchar.o(.text)
    _printf_wchar                            0x08023c75   Thumb Code    16  _printf_wchar.o(.text)
    _printf_wstring                          0x08023c85   Thumb Code     8  _printf_wchar.o(.text)
    _chval                                   0x08023c8d   Thumb Code    28  _chval.o(.text)
    _btod_etento                             0x08023ca9   Thumb Code   216  bigflt0.o(.text)
    ferror                                   0x08023d85   Thumb Code     8  ferror.o(.text)
    _wcrtomb                                 0x08023d8d   Thumb Code    64  _wcrtomb.o(.text)
    strcspn                                  0x08023dcd   Thumb Code    32  strcspn.o(.text)
    strspn                                   0x08023ded   Thumb Code    28  strspn.o(.text)
    __user_setup_stackheap                   0x08023e09   Thumb Code    74  sys_stackheap_outer.o(.text)
    exit                                     0x08023e53   Thumb Code    12  exit.o(.text)
    _btod_d2e                                0x08023e5f   Thumb Code    62  btod.o(CL$$btod_d2e)
    _d2e_denorm_low                          0x08023e9d   Thumb Code    70  btod.o(CL$$btod_d2e_denorm_low)
    _d2e_norm_op1                            0x08023ee3   Thumb Code    96  btod.o(CL$$btod_d2e_norm_op1)
    __btod_div_common                        0x08023f43   Thumb Code   696  btod.o(CL$$btod_div_common)
    _e2e                                     0x0802427b   Thumb Code   198  btod.o(CL$$btod_e2e)
    _btod_ediv                               0x08024341   Thumb Code    40  btod.o(CL$$btod_ediv)
    _btod_emul                               0x08024369   Thumb Code    40  btod.o(CL$$btod_emul)
    __btod_mult_common                       0x08024391   Thumb Code   580  btod.o(CL$$btod_mult_common)
    __ARM_fpclassify                         0x080245d5   Thumb Code    40  fpclassify.o(i.__ARM_fpclassify)
    _is_digit                                0x080245fd   Thumb Code    14  __printf_wp.o(i._is_digit)
    _get_lc_ctype                            0x0802460d   Thumb Code    44  lc_ctype_c.o(locale$$code)
    _get_lc_numeric                          0x08024639   Thumb Code    44  lc_numeric_c.o(locale$$code)
    __aeabi_d2f                              0x08024665   Thumb Code     0  d2f.o(x$fpl$d2f)
    _d2f                                     0x08024665   Thumb Code    98  d2f.o(x$fpl$d2f)
    __aeabi_ddiv                             0x080246c9   Thumb Code     0  ddiv.o(x$fpl$ddiv)
    _ddiv                                    0x080246c9   Thumb Code   552  ddiv.o(x$fpl$ddiv)
    __aeabi_i2d                              0x08024979   Thumb Code     0  dflt_clz.o(x$fpl$dflt)
    _dflt                                    0x08024979   Thumb Code    46  dflt_clz.o(x$fpl$dflt)
    __aeabi_ui2d                             0x080249a7   Thumb Code     0  dflt_clz.o(x$fpl$dfltu)
    _dfltu                                   0x080249a7   Thumb Code    38  dflt_clz.o(x$fpl$dfltu)
    __aeabi_dmul                             0x080249cd   Thumb Code     0  dmul.o(x$fpl$dmul)
    _dmul                                    0x080249cd   Thumb Code   332  dmul.o(x$fpl$dmul)
    __fpl_dnaninf                            0x08024b21   Thumb Code   156  dnaninf.o(x$fpl$dnaninf)
    __fpl_dretinf                            0x08024bbd   Thumb Code    12  dretinf.o(x$fpl$dretinf)
    __aeabi_f2d                              0x08024bc9   Thumb Code     0  f2d.o(x$fpl$f2d)
    _f2d                                     0x08024bc9   Thumb Code    86  f2d.o(x$fpl$f2d)
    __aeabi_fadd                             0x08024c21   Thumb Code     0  faddsub_clz.o(x$fpl$fadd)
    _fadd                                    0x08024c21   Thumb Code   196  faddsub_clz.o(x$fpl$fadd)
    __fpl_fcmp_Inf                           0x08024ce5   Thumb Code    24  fcmpi.o(x$fpl$fcmpinf)
    __aeabi_fdiv                             0x08024cfd   Thumb Code     0  fdiv.o(x$fpl$fdiv)
    _fdiv                                    0x08024cfd   Thumb Code   384  fdiv.o(x$fpl$fdiv)
    __aeabi_f2iz                             0x08024e81   Thumb Code     0  ffix.o(x$fpl$ffix)
    _ffix                                    0x08024e81   Thumb Code    54  ffix.o(x$fpl$ffix)
    __aeabi_f2uiz                            0x08024eb9   Thumb Code     0  ffixu.o(x$fpl$ffixu)
    _ffixu                                   0x08024eb9   Thumb Code    62  ffixu.o(x$fpl$ffixu)
    __aeabi_i2f                              0x08024ef9   Thumb Code     0  fflt_clz.o(x$fpl$fflt)
    _fflt                                    0x08024ef9   Thumb Code    48  fflt_clz.o(x$fpl$fflt)
    __aeabi_ui2f                             0x08024f29   Thumb Code     0  fflt_clz.o(x$fpl$ffltu)
    _ffltu                                   0x08024f29   Thumb Code    38  fflt_clz.o(x$fpl$ffltu)
    __aeabi_cfcmple                          0x08024f51   Thumb Code     0  fleqf.o(x$fpl$fleqf)
    _fcmple                                  0x08024f51   Thumb Code   104  fleqf.o(x$fpl$fleqf)
    __fpl_fcmple_InfNaN                      0x08024fa3   Thumb Code     0  fleqf.o(x$fpl$fleqf)
    __aeabi_fmul                             0x08024fb9   Thumb Code     0  fmul.o(x$fpl$fmul)
    _fmul                                    0x08024fb9   Thumb Code   258  fmul.o(x$fpl$fmul)
    __fpl_fnaninf                            0x080250bb   Thumb Code   140  fnaninf.o(x$fpl$fnaninf)
    __fpl_fretinf                            0x08025147   Thumb Code    10  fretinf.o(x$fpl$fretinf)
    __aeabi_cfrcmple                         0x08025151   Thumb Code     0  frleqf.o(x$fpl$frleqf)
    _frcmple                                 0x08025151   Thumb Code    98  frleqf.o(x$fpl$frleqf)
    __aeabi_fsub                             0x080251b5   Thumb Code     0  faddsub_clz.o(x$fpl$fsub)
    _fsub                                    0x080251b5   Thumb Code   234  faddsub_clz.o(x$fpl$fsub)
    _printf_fp_dec                           0x0802529f   Thumb Code     4  printf1.o(x$fpl$printf1)
    __I$use$fp                               0x080252a2   Number         0  usenofp.o(x$fpl$usenofp)
    table_week                               0x080252a2   Data          12  rtc.o(.constdata)
    mon_table                                0x080252ae   Data          12  rtc.o(.constdata)
    CONVERSION_RATE                          0x080252bc   Data           4  adc.o(.constdata)
    OSUnMapTbl                               0x08025322   Data         256  os_core.o(.constdata)
    memtblsize                               0x08025424   Data           8  malloc.o(.constdata)
    memblksize                               0x0802542c   Data           8  malloc.o(.constdata)
    memsize                                  0x08025434   Data           8  malloc.o(.constdata)
    ethbroadcast                             0x0802543c   Data           6  etharp.o(.constdata)
    ethzero                                  0x08025442   Data           6  etharp.o(.constdata)
    tcp_state_str                            0x08025480   Data          44  tcp.o(.constdata)
    tcp_backoff                              0x080254ac   Data          13  tcp.o(.constdata)
    tcp_persist_backoff                      0x080254b9   Data           7  tcp.o(.constdata)
    tcp_pcb_lists                            0x080254c0   Data          16  tcp.o(.constdata)
    pvNullPointer                            0x08025510   Data           4  sys_arch.o(.constdata)
    FILE_TYPE_TBL                            0x08025514   Data         312  exfuns.o(.constdata)
    Region$$Table$$Base                      0x080507d0   Number         0  anon$$obj.o(Region$$Table)
    Region$$Table$$Limit                     0x080507f0   Number         0  anon$$obj.o(Region$$Table)
    __ctype                                  0x080507fd   Data           0  lc_ctype_c.o(locale$$data)
    SystemCoreClock                          0x20000000   Data           4  system_stm32f10x.o(.data)
    AHBPrescTable                            0x20000004   Data          16  system_stm32f10x.o(.data)
    gprs_task_en                             0x20000014   Data           4  thread.o(.data)
    Message_Q                                0x20000018   Data           4  thread.o(.data)
    g_respose_flag                           0x2000001c   Data           1  thread.o(.data)
    g_self_report_flag                       0x2000001d   Data           1  thread.o(.data)
    StackBytes                               0x20000020   Data           8  thread.o(.data)
    RS485_1_Address                          0x2000002c   Data           4  rs485.o(.data)
    TransferError                            0x2000003a   Data           1  sdio_sdcard.o(.data)
    TransferEnd                              0x2000003b   Data           1  sdio_sdcard.o(.data)
    tempbuff                                 0x2000003c   Data           4  sdio_sdcard.o(.data)
    W25QXX_TYPE                              0x20000040   Data           2  w25qxx.o(.data)
    timing_it_cmd                            0x20000044   Data           1  rtc.o(.data)
    countdown_cur                            0x20000048   Data           4  rtc.o(.data)
    RS232_Recvok_flag                        0x2000004e   Data           1  st16c554.o(.data)
    baud_table                               0x2000004f   Data          16  st16c554.o(.data)
    g_stop_mode_flag                         0x20000066   Data           1  wkup.o(.data)
    g_rainfall_pluse_count                   0x20000068   Data           4  sensor_water.o(.data)
    RS232_2_Recv_Address                     0x2000006c   Data           4  rs232.o(.data)
    RS232_3_Recv_Address                     0x20000070   Data           4  rs232.o(.data)
    RS232_4_Recv_Address                     0x20000074   Data           4  rs232.o(.data)
    USART_RX_STA                             0x20000080   Data           2  usart.o(.data)
    g_usart1_recveive_cnt                    0x20000084   Data           4  usart.o(.data)
    g_usart1_receive_stat                    0x20000088   Data           1  usart.o(.data)
    __stdout                                 0x2000008c   Data           4  usart.o(.data)
    OSCtxSwCtr                               0x200000a4   Data           4  os_core.o(.data)
    OSEventFreeList                          0x200000a8   Data           4  os_core.o(.data)
    OSFlagFreeList                           0x200000ac   Data           4  os_core.o(.data)
    OSCPUUsage                               0x200000b0   Data           1  os_core.o(.data)
    OSIdleCtrMax                             0x200000b4   Data           4  os_core.o(.data)
    OSIdleCtrRun                             0x200000b8   Data           4  os_core.o(.data)
    OSStatRdy                                0x200000bc   Data           1  os_core.o(.data)
    OSIntNesting                             0x200000bd   Data           1  os_core.o(.data)
    OSLockNesting                            0x200000be   Data           1  os_core.o(.data)
    OSPrioCur                                0x200000bf   Data           1  os_core.o(.data)
    OSPrioHighRdy                            0x200000c0   Data           1  os_core.o(.data)
    OSRdyGrp                                 0x200000c1   Data           1  os_core.o(.data)
    OSRdyTbl                                 0x200000c2   Data           8  os_core.o(.data)
    OSRunning                                0x200000ca   Data           1  os_core.o(.data)
    OSTaskCtr                                0x200000cb   Data           1  os_core.o(.data)
    OSIdleCtr                                0x200000cc   Data           4  os_core.o(.data)
    OSTCBCur                                 0x200000d0   Data           4  os_core.o(.data)
    OSTCBFreeList                            0x200000d4   Data           4  os_core.o(.data)
    OSTCBHighRdy                             0x200000d8   Data           4  os_core.o(.data)
    OSTCBList                                0x200000dc   Data           4  os_core.o(.data)
    OSTickStepState                          0x200000e0   Data           1  os_core.o(.data)
    OSQFreeList                              0x200000e4   Data           4  os_core.o(.data)
    OSTime                                   0x200000e8   Data           4  os_core.o(.data)
    mallco_dev                               0x200000ec   Data          28  malloc.o(.data)
    current_netif                            0x2000010c   Data           4  ip.o(.data)
    current_header                           0x20000110   Data           4  ip.o(.data)
    current_iphdr_src                        0x20000114   Data           4  ip.o(.data)
    current_iphdr_dest                       0x20000118   Data           4  ip.o(.data)
    ram_heap                                 0x20000128   Data           4  mem.o(.data)
    memp_memory                              0x20000174   Data           4  memp.o(.data)
    netif_list                               0x20000178   Data           4  netif.o(.data)
    netif_default                            0x2000017c   Data           4  netif.o(.data)
    pbuf_free_ooseq_pending                  0x20000181   Data           1  pbuf.o(.data)
    tcp_ticks                                0x2000018c   Data           4  tcp.o(.data)
    tcp_bound_pcbs                           0x20000190   Data           4  tcp.o(.data)
    tcp_listen_pcbs                          0x20000194   Data           4  tcp.o(.data)
    tcp_active_pcbs                          0x20000198   Data           4  tcp.o(.data)
    tcp_tw_pcbs                              0x2000019c   Data           4  tcp.o(.data)
    tcp_tmp_pcb                              0x200001a0   Data           4  tcp.o(.data)
    tcp_active_pcbs_changed                  0x200001a4   Data           1  tcp.o(.data)
    tcp_input_pcb                            0x200001c8   Data           4  tcp_in.o(.data)
    udp_pcbs                                 0x200001d8   Data           4  udp.o(.data)
    LWIP_DHCP_TASK_STK                       0x200001f0   Data           4  lwip_comm.o(.data)
    LWIP_DM9000_INPUT_TASK_STK               0x200001f4   Data           4  lwip_comm.o(.data)
    TCPIP_THREAD_TASK_STK                    0x200001f8   Data           4  lwip_comm.o(.data)
    dm9000input                              0x200001fc   Data           4  lwip_comm.o(.data)
    dm9000lock                               0x20000200   Data           4  lwip_comm.o(.data)
    fs                                       0x20000204   Data           8  exfuns.o(.data)
    file                                     0x2000020c   Data           4  exfuns.o(.data)
    ftemp                                    0x20000210   Data           4  exfuns.o(.data)
    br                                       0x20000214   Data           4  exfuns.o(.data)
    bw                                       0x20000218   Data           4  exfuns.o(.data)
    fatbuf                                   0x2000021c   Data           4  exfuns.o(.data)
    FLASH_SECTOR_COUNT                       0x20000220   Data           2  diskio.o(.data)
    Figure_num                               0x20000230   Data           4  picture.o(.data)
    tcp_ip_shuiwen                           0x20000238   Data           4  4g.o(.data)
    tcp_ip_debug                             0x2000023c   Data           4  4g.o(.data)
    filename_test                            0x20000240   Data           4  4g.o(.data)
    g_gprs_receive_data_length               0x20000250   Data           1  4g.o(.data)
    g_save_picture_flag                      0x20000264   Data           1  ftpd.o(.data)
    g_send_sockfd                            0x20000268   Data           4  ftpd.o(.data)
    m                                        0x2000026c   Data           4  ftpd.o(.data)
    g_picture_count                          0x20000274   Data           1  ftpd.o(.data)
    g_usart2_receive_cnt                     0x20000278   Data           4  dmausart.o(.data)
    g_usart2_receive_stat                    0x2000027c   Data           1  dmausart.o(.data)
    g_plus_message_flag                      0x20000280   Data           1  protocol.o(.data)
    sn                                       0x20000282   Data           2  protocol.o(.data)
    Message_Group                            0x20000330   Data          20  thread.o(.bss)
    START_TASK_STK                           0x20000344   Data         512  thread.o(.bss)
    SPI1_InitStructure                       0x20002a88   Data          18  spi.o(.bss)
    SPI2_InitStructure                       0x20002a9a   Data          18  spi.o(.bss)
    RS485_1_Receive                          0x20002aac   Data         255  rs485.o(.bss)
    dm9000cfg                                0x20002bac   Data          18  dm9000.o(.bss)
    SDIO_InitStructure                       0x20002bc0   Data          24  sdio_sdcard.o(.bss)
    SDIO_CmdInitStructure                    0x20002bd8   Data          20  sdio_sdcard.o(.bss)
    SDIO_DataInitStructure                   0x20002bec   Data          24  sdio_sdcard.o(.bss)
    SDCardInfo                               0x20002c28   Data          88  sdio_sdcard.o(.bss)
    SDIO_DATA_BUFFER                         0x20002c80   Data         512  sdio_sdcard.o(.bss)
    W25QXX_BUFFER                            0x20002e80   Data        4096  w25qxx.o(.bss)
    calendar                                 0x20003e80   Data          10  rtc.o(.bss)
    RS232_2_Recv                             0x20003e9c   Data         256  rs232.o(.bss)
    RS232_3_Recv                             0x20003f9c   Data         256  rs232.o(.bss)
    RS232_4_Recv                             0x2000409c   Data         256  rs232.o(.bss)
    USART_RX_BUF                             0x2000419c   Data         200  usart.o(.bss)
    DMA_usart1_Buf                           0x20004264   Data         200  usart.o(.bss)
    OSEventTbl                               0x2000432c   Data         720  os_core.o(.bss)
    OSFlagTbl                                0x200045fc   Data          80  os_core.o(.bss)
    OSTaskStatStk                            0x2000464c   Data         512  os_core.o(.bss)
    OSTaskIdleStk                            0x2000484c   Data         512  os_core.o(.bss)
    OSTCBPrioTbl                             0x20004a4c   Data         256  os_core.o(.bss)
    OSTCBTbl                                 0x20004b4c   Data        1008  os_core.o(.bss)
    OSQTbl                                   0x20004f3c   Data         480  os_core.o(.bss)
    mem1base                                 0x20005120   Data       35840  malloc.o(.bss)
    mem1mapbase                              0x2000dd20   Data        2240  malloc.o(.bss)
    lwipdev                                  0x2000e7c4   Data          23  lwip_comm.o(.bss)
    lwip_netif                               0x2000e7dc   Data          48  lwip_comm.o(.bss)
    path_my                                  0x2000e80c   Data          20  picture.o(.bss)
    g_gprs_receive_data_buff                 0x2000e820   Data         200  4g.o(.bss)
    filename                                 0x2000eec4   Data         256  ftpd.o(.bss)
    DMA_usart2_Buf                           0x2000efc4   Data         200  dmausart.o(.bss)
    g_plus_message                           0x2000f08c   Data          60  protocol.o(.bss)
    g_hour_message                           0x2000f0c8   Data          95  protocol.o(.bss)
    g_queryrealdata_upmessage                0x2000f127   Data          60  protocol.o(.bss)
    g_querrytimeperiod_upmessage             0x2000f163   Data          58  protocol.o(.bss)
    g_rtu_parameters                         0x2000f19d   Data         121  memory_my.o(.bss)
    __libspace_start                         0x2000f218   Data          96  libspace.o(.bss)
    __temporary_stack_top$libspace           0x2000f278   Data           0  libspace.o(.bss)
    mem2base                                 0x68000000   Data       983040  malloc.o(.ARM.__AT_0x68000000)
    mem2mapbase                              0x680f0000   Data       61440  malloc.o(.ARM.__AT_0x680F0000)



==============================================================================

Memory Map of the image

  Image Entry point : 0x08000131

  Load Region LR_IROM1 (Base: 0x08000000, Size: 0x00050bcc, Max: 0x00080000, ABSOLUTE, COMPRESSED[0x000509c0])

    Execution Region ER_IROM1 (Base: 0x08000000, Size: 0x0005091c, Max: 0x00080000, ABSOLUTE)

    Base Addr    Size         Type   Attr      Idx    E Section Name        Object

    0x08000000   0x00000130   Data   RO          767    RESET               startup_stm32f10x_hd.o
    0x08000130   0x00000008   Code   RO         2305  * !!!main             c_w.l(__main.o)
    0x08000138   0x00000034   Code   RO         2648    !!!scatter          c_w.l(__scatter.o)
    0x0800016c   0x0000005a   Code   RO         2646    !!dczerorl2         c_w.l(__dczerorl2.o)
    0x080001c6   0x00000002   PAD
    0x080001c8   0x0000001c   Code   RO         2650    !!handler_zi        c_w.l(__scatter_zi.o)
    0x080001e4   0x00000000   Code   RO         2271    .ARM.Collect$$_printf_percent$$00000000  c_w.l(_printf_percent.o)
    0x080001e4   0x00000006   Code   RO         2397    .ARM.Collect$$_printf_percent$$00000001  c_w.l(_printf_n.o)
    0x080001ea   0x00000006   Code   RO         2398    .ARM.Collect$$_printf_percent$$00000002  c_w.l(_printf_p.o)
    0x080001f0   0x00000006   Code   RO         2270    .ARM.Collect$$_printf_percent$$00000003  c_w.l(_printf_f.o)
    0x080001f6   0x00000006   Code   RO         2402    .ARM.Collect$$_printf_percent$$00000004  c_w.l(_printf_e.o)
    0x080001fc   0x00000006   Code   RO         2403    .ARM.Collect$$_printf_percent$$00000005  c_w.l(_printf_g.o)
    0x08000202   0x00000006   Code   RO         2404    .ARM.Collect$$_printf_percent$$00000006  c_w.l(_printf_a.o)
    0x08000208   0x0000000a   Code   RO         2409    .ARM.Collect$$_printf_percent$$00000007  c_w.l(_printf_ll.o)
    0x08000212   0x00000006   Code   RO         2400    .ARM.Collect$$_printf_percent$$00000008  c_w.l(_printf_i.o)
    0x08000218   0x00000006   Code   RO         2269    .ARM.Collect$$_printf_percent$$00000009  c_w.l(_printf_d.o)
    0x0800021e   0x00000006   Code   RO         2401    .ARM.Collect$$_printf_percent$$0000000A  c_w.l(_printf_u.o)
    0x08000224   0x00000006   Code   RO         2399    .ARM.Collect$$_printf_percent$$0000000B  c_w.l(_printf_o.o)
    0x0800022a   0x00000006   Code   RO         2268    .ARM.Collect$$_printf_percent$$0000000C  c_w.l(_printf_x.o)
    0x08000230   0x00000006   Code   RO         2406    .ARM.Collect$$_printf_percent$$0000000D  c_w.l(_printf_lli.o)
    0x08000236   0x00000006   Code   RO         2407    .ARM.Collect$$_printf_percent$$0000000E  c_w.l(_printf_lld.o)
    0x0800023c   0x00000006   Code   RO         2408    .ARM.Collect$$_printf_percent$$0000000F  c_w.l(_printf_llu.o)
    0x08000242   0x00000006   Code   RO         2413    .ARM.Collect$$_printf_percent$$00000010  c_w.l(_printf_llo.o)
    0x08000248   0x00000006   Code   RO         2414    .ARM.Collect$$_printf_percent$$00000011  c_w.l(_printf_llx.o)
    0x0800024e   0x0000000a   Code   RO         2410    .ARM.Collect$$_printf_percent$$00000012  c_w.l(_printf_l.o)
    0x08000258   0x00000006   Code   RO         2266    .ARM.Collect$$_printf_percent$$00000013  c_w.l(_printf_c.o)
    0x0800025e   0x00000006   Code   RO         2267    .ARM.Collect$$_printf_percent$$00000014  c_w.l(_printf_s.o)
    0x08000264   0x00000006   Code   RO         2411    .ARM.Collect$$_printf_percent$$00000015  c_w.l(_printf_lc.o)
    0x0800026a   0x00000006   Code   RO         2412    .ARM.Collect$$_printf_percent$$00000016  c_w.l(_printf_ls.o)
    0x08000270   0x00000004   Code   RO         2405    .ARM.Collect$$_printf_percent$$00000017  c_w.l(_printf_percent_end.o)
    0x08000274   0x00000002   Code   RO         2567    .ARM.Collect$$libinit$$00000000  c_w.l(libinit.o)
    0x08000276   0x00000000   Code   RO         2504    .ARM.Collect$$libinit$$00000002  c_w.l(libinit2.o)
    0x08000276   0x00000000   Code   RO         2506    .ARM.Collect$$libinit$$00000004  c_w.l(libinit2.o)
    0x08000276   0x00000000   Code   RO         2509    .ARM.Collect$$libinit$$0000000A  c_w.l(libinit2.o)
    0x08000276   0x00000000   Code   RO         2511    .ARM.Collect$$libinit$$0000000C  c_w.l(libinit2.o)
    0x08000276   0x00000000   Code   RO         2513    .ARM.Collect$$libinit$$0000000E  c_w.l(libinit2.o)
    0x08000276   0x00000006   Code   RO         2514    .ARM.Collect$$libinit$$0000000F  c_w.l(libinit2.o)
    0x0800027c   0x00000000   Code   RO         2516    .ARM.Collect$$libinit$$00000011  c_w.l(libinit2.o)
    0x0800027c   0x0000000c   Code   RO         2517    .ARM.Collect$$libinit$$00000012  c_w.l(libinit2.o)
    0x08000288   0x00000000   Code   RO         2518    .ARM.Collect$$libinit$$00000013  c_w.l(libinit2.o)
    0x08000288   0x00000000   Code   RO         2520    .ARM.Collect$$libinit$$00000015  c_w.l(libinit2.o)
    0x08000288   0x0000000a   Code   RO         2521    .ARM.Collect$$libinit$$00000016  c_w.l(libinit2.o)
    0x08000292   0x00000000   Code   RO         2522    .ARM.Collect$$libinit$$00000017  c_w.l(libinit2.o)
    0x08000292   0x00000000   Code   RO         2524    .ARM.Collect$$libinit$$00000019  c_w.l(libinit2.o)
    0x08000292   0x00000000   Code   RO         2526    .ARM.Collect$$libinit$$0000001B  c_w.l(libinit2.o)
    0x08000292   0x00000000   Code   RO         2528    .ARM.Collect$$libinit$$0000001D  c_w.l(libinit2.o)
    0x08000292   0x00000000   Code   RO         2530    .ARM.Collect$$libinit$$0000001F  c_w.l(libinit2.o)
    0x08000292   0x00000000   Code   RO         2532    .ARM.Collect$$libinit$$00000021  c_w.l(libinit2.o)
    0x08000292   0x00000000   Code   RO         2534    .ARM.Collect$$libinit$$00000023  c_w.l(libinit2.o)
    0x08000292   0x00000000   Code   RO         2536    .ARM.Collect$$libinit$$00000025  c_w.l(libinit2.o)
    0x08000292   0x00000000   Code   RO         2540    .ARM.Collect$$libinit$$0000002C  c_w.l(libinit2.o)
    0x08000292   0x00000000   Code   RO         2542    .ARM.Collect$$libinit$$0000002E  c_w.l(libinit2.o)
    0x08000292   0x00000000   Code   RO         2544    .ARM.Collect$$libinit$$00000030  c_w.l(libinit2.o)
    0x08000292   0x00000000   Code   RO         2546    .ARM.Collect$$libinit$$00000032  c_w.l(libinit2.o)
    0x08000292   0x00000002   Code   RO         2547    .ARM.Collect$$libinit$$00000033  c_w.l(libinit2.o)
    0x08000294   0x00000002   Code   RO         2610    .ARM.Collect$$libshutdown$$00000000  c_w.l(libshutdown.o)
    0x08000296   0x00000000   Code   RO         2617    .ARM.Collect$$libshutdown$$00000003  c_w.l(libshutdown2.o)
    0x08000296   0x00000000   Code   RO         2620    .ARM.Collect$$libshutdown$$00000006  c_w.l(libshutdown2.o)
    0x08000296   0x00000000   Code   RO         2623    .ARM.Collect$$libshutdown$$00000009  c_w.l(libshutdown2.o)
    0x08000296   0x00000000   Code   RO         2625    .ARM.Collect$$libshutdown$$0000000B  c_w.l(libshutdown2.o)
    0x08000296   0x00000000   Code   RO         2628    .ARM.Collect$$libshutdown$$0000000E  c_w.l(libshutdown2.o)
    0x08000296   0x00000002   Code   RO         2629    .ARM.Collect$$libshutdown$$0000000F  c_w.l(libshutdown2.o)
    0x08000298   0x00000000   Code   RO         2355    .ARM.Collect$$rtentry$$00000000  c_w.l(__rtentry.o)
    0x08000298   0x00000000   Code   RO         2437    .ARM.Collect$$rtentry$$00000002  c_w.l(__rtentry2.o)
    0x08000298   0x00000006   Code   RO         2449    .ARM.Collect$$rtentry$$00000004  c_w.l(__rtentry4.o)
    0x0800029e   0x00000000   Code   RO         2439    .ARM.Collect$$rtentry$$00000009  c_w.l(__rtentry2.o)
    0x0800029e   0x00000004   Code   RO         2440    .ARM.Collect$$rtentry$$0000000A  c_w.l(__rtentry2.o)
    0x080002a2   0x00000000   Code   RO         2442    .ARM.Collect$$rtentry$$0000000C  c_w.l(__rtentry2.o)
    0x080002a2   0x00000008   Code   RO         2443    .ARM.Collect$$rtentry$$0000000D  c_w.l(__rtentry2.o)
    0x080002aa   0x00000002   Code   RO         2570    .ARM.Collect$$rtexit$$00000000  c_w.l(rtexit.o)
    0x080002ac   0x00000000   Code   RO         2583    .ARM.Collect$$rtexit$$00000002  c_w.l(rtexit2.o)
    0x080002ac   0x00000004   Code   RO         2584    .ARM.Collect$$rtexit$$00000003  c_w.l(rtexit2.o)
    0x080002b0   0x00000006   Code   RO         2585    .ARM.Collect$$rtexit$$00000004  c_w.l(rtexit2.o)
    0x080002b6   0x00000002   PAD
    0x080002b8   0x000001f0   Code   RO            1    .text               main.o
    0x080004a8   0x00000016   Code   RO          307    .text               stm32f10x_it.o
    0x080004be   0x00000002   PAD
    0x080004c0   0x000001e0   Code   RO          348    .text               system_stm32f10x.o
    0x080006a0   0x00000cf8   Code   RO          366    .text               thread.o
    0x08001398   0x0000061c   Code   RO          390    .text               wk2124.o
    0x080019b4   0x000001d4   Code   RO          409    .text               spi.o
    0x08001b88   0x00000090   Code   RO          424    .text               rs485.o
    0x08001c18   0x00000824   Code   RO          443    .text               dm9000.o
    0x0800243c   0x00001c30   Code   RO          465    .text               sdio_sdcard.o
    0x0800406c   0x00000350   Code   RO          491    .text               w25qxx.o
    0x080043bc   0x000004c8   Code   RO          510    .text               rtc.o
    0x08004884   0x00000418   Code   RO          530    .text               st16c554.o
    0x08004c9c   0x00000118   Code   RO          549    .text               sram.o
    0x08004db4   0x0000076c   Code   RO          561    .text               sd3078rtc.o
    0x08005520   0x00000228   Code   RO          575    .text               adc.o
    0x08005748   0x000002a8   Code   RO          590    .text               pwctrl.o
    0x080059f0   0x00000026   Code   RO          602    .text               hco5.o
    0x08005a16   0x00000002   PAD
    0x08005a18   0x00000140   Code   RO          629    .text               wkup.o
    0x08005b58   0x00000184   Code   RO          647    .text               sensor_water.o
    0x08005cdc   0x00000036   Code   RO          667    .text               rs232.o
    0x08005d12   0x0000002c   Code   RO          686    .text               iwdg.o
    0x08005d3e   0x00000002   PAD
    0x08005d40   0x00000130   Code   RO          698    .text               delay.o
    0x08005e70   0x0000000c   Code   RO          713    .text               sys.o
    0x08005e7c   0x00000430   Code   RO          729    .text               usart.o
    0x080062ac   0x00000040   Code   RO          768    .text               startup_stm32f10x_hd.o
    0x080062ec   0x000000dc   Code   RO          772    .text               misc.o
    0x080063c8   0x0000035c   Code   RO          784    .text               stm32f10x_gpio.o
    0x08006724   0x00000408   Code   RO          796    .text               stm32f10x_usart.o
    0x08006b2c   0x000003a4   Code   RO          808    .text               stm32f10x_rcc.o
    0x08006ed0   0x0000030c   Code   RO          822    .text               stm32f10x_spi.o
    0x080071dc   0x0000044e   Code   RO          834    .text               stm32f10x_adc.o
    0x0800762a   0x00000002   PAD
    0x0800762c   0x000000c4   Code   RO          846    .text               stm32f10x_bkp.o
    0x080076f0   0x00000254   Code   RO          918    .text               stm32f10x_dma.o
    0x08007944   0x0000011c   Code   RO          930    .text               stm32f10x_exti.o
    0x08007a60   0x0000060c   Code   RO          954    .text               stm32f10x_fsmc.o
    0x0800806c   0x00000040   Code   RO          978    .text               stm32f10x_iwdg.o
    0x080080ac   0x000000cc   Code   RO          990    .text               stm32f10x_pwr.o
    0x08008178   0x00000148   Code   RO         1002    .text               stm32f10x_rtc.o
    0x080082c0   0x000001d4   Code   RO         1014    .text               stm32f10x_sdio.o
    0x08008494   0x00000968   Code   RO         1050    .text               os_core.o
    0x08008dfc   0x0000080c   Code   RO         1070    .text               os_flag.o
    0x08009608   0x0000060c   Code   RO         1100    .text               os_mutex.o
    0x08009c14   0x000005f8   Code   RO         1112    .text               os_q.o
    0x0800a20c   0x0000039c   Code   RO         1124    .text               os_sem.o
    0x0800a5a8   0x000007c4   Code   RO         1136    .text               os_task.o
    0x0800ad6c   0x000001b0   Code   RO         1148    .text               os_time.o
    0x0800af1c   0x000000ae   Code   RO         1166    .text               os_cpu_c.o
    0x0800afca   0x00000002   PAD
    0x0800afcc   0x000000b4   Code   RO         1188    .text               os_cpu_a.o
    0x0800b080   0x0000022c   Code   RO         1191    .text               malloc.o
    0x0800b2ac   0x00000e7c   Code   RO         1213    .text               etharp.o
    0x0800c128   0x00000158   Code   RO         1266    .text               ethernetif.o
    0x0800c280   0x00000444   Code   RO         1303    .text               icmp.o
    0x0800c6c4   0x000002b4   Code   RO         1337    .text               inet_chksum.o
    0x0800c978   0x00000458   Code   RO         1349    .text               ip.o
    0x0800cdd0   0x0000032c   Code   RO         1393    .text               ip_addr.o
    0x0800d0fc   0x00000a28   Code   RO         1422    .text               ip_frag.o
    0x0800db24   0x0000003e   Code   RO         1439    .text               def.o
    0x0800db62   0x00000024   Code   RO         1463    .text               init.o
    0x0800db86   0x00000002   PAD
    0x0800db88   0x00000744   Code   RO         1502    .text               mem.o
    0x0800e2cc   0x000001d4   Code   RO         1517    .text               memp.o
    0x0800e4a0   0x00000334   Code   RO         1553    .text               netif.o
    0x0800e7d4   0x0000113a   Code   RO         1575    .text               pbuf.o
    0x0800f90e   0x00000002   PAD
    0x0800f910   0x0000024c   Code   RO         1599    .text               raw.o
    0x0800fb5c   0x000015c4   Code   RO         1619    .text               tcp.o
    0x08011120   0x00001dd0   Code   RO         1643    .text               tcp_in.o
    0x08012ef0   0x000013a2   Code   RO         1666    .text               tcp_out.o
    0x08014292   0x00000002   PAD
    0x08014294   0x000002dc   Code   RO         1679    .text               timers.o
    0x08014570   0x0000060c   Code   RO         1693    .text               udp.o
    0x08014b7c   0x00000bfc   Code   RO         1711    .text               api_lib.o
    0x08015778   0x000017c0   Code   RO         1742    .text               api_msg.o
    0x08016f38   0x000003b0   Code   RO         1769    .text               netbuf.o
    0x080172e8   0x00001cbc   Code   RO         1799    .text               sockets.o
    0x08018fa4   0x000003b8   Code   RO         1815    .text               tcpip.o
    0x0801935c   0x000003d4   Code   RO         1838    .text               sys_arch.o
    0x08019730   0x000003f4   Code   RO         1863    .text               lwip_comm.o
    0x08019b24   0x000001a8   Code   RO         1912    .text               exfuns.o
    0x08019ccc   0x00000200   Code   RO         1958    .text               diskio.o
    0x08019ecc   0x000033b0   Code   RO         1976    .text               ff.o
    0x0801d27c   0x000000b4   Code   RO         1995    .text               cc936.o
    0x0801d330   0x000003bc   Code   RO         2018    .text               picture.o
    0x0801d6ec   0x0000118c   Code   RO         2040    .text               4g.o
    0x0801e878   0x00001984   Code   RO         2092    .text               ftpd.o
    0x080201fc   0x000001ac   Code   RO         2113    .text               dmausart.o
    0x080203a8   0x00000424   Code   RO         2144    .text               bluetooth.o
    0x080207cc   0x00001d98   Code   RO         2156    .text               protocol.o
    0x08022564   0x000004b0   Code   RO         2176    .text               memory_my.o
    0x08022a14   0x00000002   Code   RO         2197    .text               c_w.l(use_no_semi_2.o)
    0x08022a16   0x00000002   PAD
    0x08022a18   0x00000010   Code   RO         2199    .text               c_w.l(rt_ctype_table.o)
    0x08022a28   0x00000048   Code   RO         2201    .text               c_w.l(llsdiv.o)
    0x08022a70   0x00000034   Code   RO         2203    .text               c_w.l(c89vsnprintf.o)
    0x08022aa4   0x00000018   Code   RO         2205    .text               c_w.l(__2printf.o)
    0x08022abc   0x0000002c   Code   RO         2207    .text               c_w.l(__2sprintf.o)
    0x08022ae8   0x00000038   Code   RO         2209    .text               c_w.l(__2snprintf.o)
    0x08022b20   0x0000004e   Code   RO         2219    .text               c_w.l(_printf_pad.o)
    0x08022b6e   0x00000052   Code   RO         2221    .text               c_w.l(_printf_str.o)
    0x08022bc0   0x00000078   Code   RO         2223    .text               c_w.l(_printf_dec.o)
    0x08022c38   0x00000094   Code   RO         2243    .text               c_w.l(_printf_hex_int_ll_ptr.o)
    0x08022ccc   0x00000188   Code   RO         2263    .text               c_w.l(__printf_flags_ss_wp.o)
    0x08022e54   0x0000001a   Code   RO         2272    .text               c_w.l(atoi.o)
    0x08022e6e   0x00000070   Code   RO         2274    .text               c_w.l(strtol.o)
    0x08022ede   0x00000002   PAD
    0x08022ee0   0x0000000c   Code   RO         2276    .text               c_w.l(strtok.o)
    0x08022eec   0x00000014   Code   RO         2279    .text               c_w.l(strchr.o)
    0x08022f00   0x00000024   Code   RO         2281    .text               c_w.l(strstr.o)
    0x08022f24   0x00000058   Code   RO         2283    .text               c_w.l(memcmp.o)
    0x08022f7c   0x00000048   Code   RO         2285    .text               c_w.l(strcpy.o)
    0x08022fc4   0x0000003e   Code   RO         2287    .text               c_w.l(strlen.o)
    0x08023002   0x0000008a   Code   RO         2291    .text               c_w.l(rt_memcpy_v6.o)
    0x0802308c   0x00000064   Code   RO         2293    .text               c_w.l(rt_memcpy_w.o)
    0x080230f0   0x00000044   Code   RO         2295    .text               c_w.l(rt_memclr.o)
    0x08023134   0x0000004e   Code   RO         2297    .text               c_w.l(rt_memclr_w.o)
    0x08023182   0x00000002   PAD
    0x08023184   0x00000080   Code   RO         2301    .text               c_w.l(strcmpv7m.o)
    0x08023204   0x00000006   Code   RO         2303    .text               c_w.l(heapauxi.o)
    0x0802320a   0x00000002   Code   RO         2353    .text               c_w.l(use_no_semi.o)
    0x0802320c   0x00000008   Code   RO         2359    .text               c_w.l(rt_locale_intlibspace.o)
    0x08023214   0x00000008   Code   RO         2364    .text               c_w.l(rt_errno_addr_intlibspace.o)
    0x0802321c   0x000000ee   Code   RO         2366    .text               c_w.l(lludivv7m.o)
    0x0802330a   0x00000024   Code   RO         2368    .text               c_w.l(_printf_truncate.o)
    0x0802332e   0x000000b2   Code   RO         2370    .text               c_w.l(_printf_intcommon.o)
    0x080233e0   0x00000028   Code   RO         2372    .text               c_w.l(_printf_charcount.o)
    0x08023408   0x0000041a   Code   RO         2374    .text               c_w.l(_printf_fp_dec.o)
    0x08023822   0x00000002   PAD
    0x08023824   0x00000030   Code   RO         2376    .text               c_w.l(_printf_char_common.o)
    0x08023854   0x0000000a   Code   RO         2378    .text               c_w.l(_sputc.o)
    0x0802385e   0x00000010   Code   RO         2380    .text               c_w.l(_snputc.o)
    0x0802386e   0x0000002c   Code   RO         2382    .text               c_w.l(_printf_char.o)
    0x0802389a   0x00000002   PAD
    0x0802389c   0x00000024   Code   RO         2384    .text               c_w.l(_printf_char_file.o)
    0x080238c0   0x000000bc   Code   RO         2386    .text               c_w.l(_printf_wctomb.o)
    0x0802397c   0x0000007c   Code   RO         2389    .text               c_w.l(_printf_longlong_dec.o)
    0x080239f8   0x00000070   Code   RO         2395    .text               c_w.l(_printf_oct_int_ll.o)
    0x08023a68   0x0000009e   Code   RO         2415    .text               c_w.l(_strtoul.o)
    0x08023b06   0x00000002   PAD
    0x08023b08   0x00000044   Code   RO         2420    .text               c_w.l(strtok_int.o)
    0x08023b4c   0x00000008   Code   RO         2433    .text               c_w.l(libspace.o)
    0x08023b54   0x0000008a   Code   RO         2455    .text               c_w.l(lludiv10.o)
    0x08023bde   0x00000002   PAD
    0x08023be0   0x00000080   Code   RO         2457    .text               c_w.l(_printf_fp_infnan.o)
    0x08023c60   0x0000002c   Code   RO         2461    .text               c_w.l(_printf_wchar.o)
    0x08023c8c   0x0000001c   Code   RO         2463    .text               c_w.l(_chval.o)
    0x08023ca8   0x000000dc   Code   RO         2465    .text               c_w.l(bigflt0.o)
    0x08023d84   0x00000008   Code   RO         2490    .text               c_w.l(ferror.o)
    0x08023d8c   0x00000040   Code   RO         2494    .text               c_w.l(_wcrtomb.o)
    0x08023dcc   0x00000020   Code   RO         2499    .text               c_w.l(strcspn.o)
    0x08023dec   0x0000001c   Code   RO         2501    .text               c_w.l(strspn.o)
    0x08023e08   0x0000004a   Code   RO         2554    .text               c_w.l(sys_stackheap_outer.o)
    0x08023e52   0x0000000c   Code   RO         2558    .text               c_w.l(exit.o)
    0x08023e5e   0x0000003e   Code   RO         2468    CL$$btod_d2e        c_w.l(btod.o)
    0x08023e9c   0x00000046   Code   RO         2470    CL$$btod_d2e_denorm_low  c_w.l(btod.o)
    0x08023ee2   0x00000060   Code   RO         2469    CL$$btod_d2e_norm_op1  c_w.l(btod.o)
    0x08023f42   0x00000338   Code   RO         2478    CL$$btod_div_common  c_w.l(btod.o)
    0x0802427a   0x000000c6   Code   RO         2475    CL$$btod_e2e        c_w.l(btod.o)
    0x08024340   0x00000028   Code   RO         2472    CL$$btod_ediv       c_w.l(btod.o)
    0x08024368   0x00000028   Code   RO         2471    CL$$btod_emul       c_w.l(btod.o)
    0x08024390   0x00000244   Code   RO         2477    CL$$btod_mult_common  c_w.l(btod.o)
    0x080245d4   0x00000028   Code   RO         2552    i.__ARM_fpclassify  m_ws.l(fpclassify.o)
    0x080245fc   0x0000000e   Code   RO         2256    i._is_digit         c_w.l(__printf_wp.o)
    0x0802460a   0x00000002   PAD
    0x0802460c   0x0000002c   Code   RO         2418    locale$$code        c_w.l(lc_ctype_c.o)
    0x08024638   0x0000002c   Code   RO         2497    locale$$code        c_w.l(lc_numeric_c.o)
    0x08024664   0x00000062   Code   RO         2307    x$fpl$d2f           fz_ws.l(d2f.o)
    0x080246c6   0x00000002   PAD
    0x080246c8   0x000002b0   Code   RO         2310    x$fpl$ddiv          fz_ws.l(ddiv.o)
    0x08024978   0x0000002e   Code   RO         2314    x$fpl$dflt          fz_ws.l(dflt_clz.o)
    0x080249a6   0x00000026   Code   RO         2313    x$fpl$dfltu         fz_ws.l(dflt_clz.o)
    0x080249cc   0x00000154   Code   RO         2319    x$fpl$dmul          fz_ws.l(dmul.o)
    0x08024b20   0x0000009c   Code   RO         2422    x$fpl$dnaninf       fz_ws.l(dnaninf.o)
    0x08024bbc   0x0000000c   Code   RO         2424    x$fpl$dretinf       fz_ws.l(dretinf.o)
    0x08024bc8   0x00000056   Code   RO         2321    x$fpl$f2d           fz_ws.l(f2d.o)
    0x08024c1e   0x00000002   PAD
    0x08024c20   0x000000c4   Code   RO         2323    x$fpl$fadd          fz_ws.l(faddsub_clz.o)
    0x08024ce4   0x00000018   Code   RO         2548    x$fpl$fcmpinf       fz_ws.l(fcmpi.o)
    0x08024cfc   0x00000184   Code   RO         2330    x$fpl$fdiv          fz_ws.l(fdiv.o)
    0x08024e80   0x00000036   Code   RO         2333    x$fpl$ffix          fz_ws.l(ffix.o)
    0x08024eb6   0x00000002   PAD
    0x08024eb8   0x0000003e   Code   RO         2337    x$fpl$ffixu         fz_ws.l(ffixu.o)
    0x08024ef6   0x00000002   PAD
    0x08024ef8   0x00000030   Code   RO         2342    x$fpl$fflt          fz_ws.l(fflt_clz.o)
    0x08024f28   0x00000026   Code   RO         2341    x$fpl$ffltu         fz_ws.l(fflt_clz.o)
    0x08024f4e   0x00000002   PAD
    0x08024f50   0x00000068   Code   RO         2426    x$fpl$fleqf         fz_ws.l(fleqf.o)
    0x08024fb8   0x00000102   Code   RO         2347    x$fpl$fmul          fz_ws.l(fmul.o)
    0x080250ba   0x0000008c   Code   RO         2428    x$fpl$fnaninf       fz_ws.l(fnaninf.o)
    0x08025146   0x0000000a   Code   RO         2430    x$fpl$fretinf       fz_ws.l(fretinf.o)
    0x08025150   0x00000062   Code   RO         2349    x$fpl$frleqf        fz_ws.l(frleqf.o)
    0x080251b2   0x00000002   PAD
    0x080251b4   0x000000ea   Code   RO         2325    x$fpl$fsub          fz_ws.l(faddsub_clz.o)
    0x0802529e   0x00000004   Code   RO         2351    x$fpl$printf1       fz_ws.l(printf1.o)
    0x080252a2   0x00000000   Code   RO         2432    x$fpl$usenofp       fz_ws.l(usenofp.o)
    0x080252a2   0x00000018   Data   RO          512    .constdata          rtc.o
    0x080252ba   0x00000002   PAD
    0x080252bc   0x00000016   Data   RO          576    .constdata          adc.o
    0x080252d2   0x00000002   PAD
    0x080252d4   0x0000004e   Data   RO          649    .constdata          sensor_water.o
    0x08025322   0x00000100   Data   RO         1052    .constdata          os_core.o
    0x08025422   0x00000002   PAD
    0x08025424   0x00000018   Data   RO         1195    .constdata          malloc.o
    0x0802543c   0x0000000c   Data   RO         1215    .constdata          etharp.o
    0x08025448   0x00000038   Data   RO         1519    .constdata          memp.o
    0x08025480   0x00000050   Data   RO         1620    .constdata          tcp.o
    0x080254d0   0x00000040   Data   RO         1801    .constdata          sockets.o
    0x08025510   0x00000004   Data   RO         1839    .constdata          sys_arch.o
    0x08025514   0x00000138   Data   RO         1914    .constdata          exfuns.o
    0x0802564c   0x0000003a   Data   RO         1977    .constdata          ff.o
    0x08025686   0x0002acc8   Data   RO         1996    .constdata          cc936.o
    0x0805034e   0x00000014   Data   RO         2094    .constdata          ftpd.o
    0x08050362   0x00000028   Data   RO         2244    .constdata          c_w.l(_printf_hex_int_ll_ptr.o)
    0x0805038a   0x00000011   Data   RO         2264    .constdata          c_w.l(__printf_flags_ss_wp.o)
    0x0805039b   0x00000001   PAD
    0x0805039c   0x00000008   Data   RO         2387    .constdata          c_w.l(_printf_wctomb.o)
    0x080503a4   0x00000094   Data   RO         2466    .constdata          c_w.l(bigflt0.o)
    0x08050438   0x00000086   Data   RO          368    .conststring        thread.o
    0x080504be   0x00000002   PAD
    0x080504c0   0x00000044   Data   RO         1216    .conststring        etharp.o
    0x08050504   0x000000a0   Data   RO         1520    .conststring        memp.o
    0x080505a4   0x0000006d   Data   RO         1621    .conststring        tcp.o
    0x08050611   0x00000003   PAD
    0x08050614   0x00000055   Data   RO         1667    .conststring        tcp_out.o
    0x08050669   0x00000003   PAD
    0x0805066c   0x00000064   Data   RO         1915    .conststring        exfuns.o
    0x080506d0   0x000000b6   Data   RO         2042    .conststring        4g.o
    0x08050786   0x00000002   PAD
    0x08050788   0x00000045   Data   RO         2158    .conststring        protocol.o
    0x080507cd   0x00000003   PAD
    0x080507d0   0x00000020   Data   RO         2644    Region$$Table       anon$$obj.o
    0x080507f0   0x00000110   Data   RO         2417    locale$$data        c_w.l(lc_ctype_c.o)
    0x08050900   0x0000001c   Data   RO         2496    locale$$data        c_w.l(lc_numeric_c.o)


    Execution Region RW_IRAM1 (Base: 0x20000000, Size: 0x0000fc78, Max: 0x00010000, ABSOLUTE, COMPRESSED[0x000000a4])

    Base Addr    Size         Type   Attr      Idx    E Section Name        Object

    0x20000000   0x00000014   Data   RW          349    .data               system_stm32f10x.o
    0x20000014   0x00000015   Data   RW          369    .data               thread.o
    0x20000029   0x00000003   PAD
    0x2000002c   0x00000004   Data   RW          426    .data               rs485.o
    0x20000030   0x00000010   Data   RW          467    .data               sdio_sdcard.o
    0x20000040   0x00000002   Data   RW          493    .data               w25qxx.o
    0x20000042   0x00000002   PAD
    0x20000044   0x0000000a   Data   RW          513    .data               rtc.o
    0x2000004e   0x00000011   Data   RW          532    .data               st16c554.o
    0x2000005f   0x00000007   Data   RW          562    .data               sd3078rtc.o
    0x20000066   0x00000001   Data   RW          630    .data               wkup.o
    0x20000067   0x00000001   PAD
    0x20000068   0x00000004   Data   RW          650    .data               sensor_water.o
    0x2000006c   0x0000000c   Data   RW          669    .data               rs232.o
    0x20000078   0x00000004   Data   RW          699    .data               delay.o
    0x2000007c   0x00000014   Data   RW          731    .data               usart.o
    0x20000090   0x00000014   Data   RW          809    .data               stm32f10x_rcc.o
    0x200000a4   0x00000048   Data   RW         1053    .data               os_core.o
    0x200000ec   0x0000001c   Data   RW         1196    .data               malloc.o
    0x20000108   0x00000001   Data   RW         1217    .data               etharp.o
    0x20000109   0x00000003   PAD
    0x2000010c   0x00000012   Data   RW         1350    .data               ip.o
    0x2000011e   0x00000002   PAD
    0x20000120   0x00000006   Data   RW         1423    .data               ip_frag.o
    0x20000126   0x00000002   PAD
    0x20000128   0x00000014   Data   RW         1503    .data               mem.o
    0x2000013c   0x0000003c   Data   RW         1521    .data               memp.o
    0x20000178   0x00000009   Data   RW         1554    .data               netif.o
    0x20000181   0x00000001   Data   RW         1576    .data               pbuf.o
    0x20000182   0x00000002   PAD
    0x20000184   0x00000004   Data   RW         1600    .data               raw.o
    0x20000188   0x00000024   Data   RW         1622    .data               tcp.o
    0x200001ac   0x00000020   Data   RW         1645    .data               tcp_in.o
    0x200001cc   0x00000008   Data   RW         1680    .data               timers.o
    0x200001d4   0x00000008   Data   RW         1694    .data               udp.o
    0x200001dc   0x00000008   Data   RW         1802    .data               sockets.o
    0x200001e4   0x0000000c   Data   RW         1816    .data               tcpip.o
    0x200001f0   0x00000014   Data   RW         1865    .data               lwip_comm.o
    0x20000204   0x0000001c   Data   RW         1916    .data               exfuns.o
    0x20000220   0x00000002   Data   RW         1959    .data               diskio.o
    0x20000222   0x00000002   PAD
    0x20000224   0x0000000a   Data   RW         1978    .data               ff.o
    0x2000022e   0x00000002   PAD
    0x20000230   0x00000005   Data   RW         2020    .data               picture.o
    0x20000235   0x00000003   PAD
    0x20000238   0x0000002c   Data   RW         2043    .data               4g.o
    0x20000264   0x00000011   Data   RW         2095    .data               ftpd.o
    0x20000275   0x00000003   PAD
    0x20000278   0x00000005   Data   RW         2115    .data               dmausart.o
    0x2000027d   0x00000003   PAD
    0x20000280   0x00000011   Data   RW         2159    .data               protocol.o
    0x20000291   0x00000001   PAD
    0x20000292   0x00000018   Data   RW         2178    .data               memory_my.o
    0x200002aa   0x00000002   PAD
    0x200002ac   0x00000004   Data   RW         2277    .data               c_w.l(strtok.o)
    0x200002b0   0x000027d8   Zero   RW          367    .bss                thread.o
    0x20002a88   0x00000024   Zero   RW          410    .bss                spi.o
    0x20002aac   0x000000ff   Zero   RW          425    .bss                rs485.o
    0x20002bab   0x00000001   PAD
    0x20002bac   0x00000012   Zero   RW          444    .bss                dm9000.o
    0x20002bbe   0x00000002   PAD
    0x20002bc0   0x000002c0   Zero   RW          466    .bss                sdio_sdcard.o
    0x20002e80   0x00001000   Zero   RW          492    .bss                w25qxx.o
    0x20003e80   0x0000000a   Zero   RW          511    .bss                rtc.o
    0x20003e8a   0x00000002   PAD
    0x20003e8c   0x00000010   Zero   RW          531    .bss                st16c554.o
    0x20003e9c   0x00000300   Zero   RW          668    .bss                rs232.o
    0x2000419c   0x00000190   Zero   RW          730    .bss                usart.o
    0x2000432c   0x00000df0   Zero   RW         1051    .bss                os_core.o
    0x2000511c   0x00000004   PAD
    0x20005120   0x000094c0   Zero   RW         1194    .bss                malloc.o
    0x2000e5e0   0x000000c8   Zero   RW         1214    .bss                etharp.o
    0x2000e6a8   0x00000010   Zero   RW         1394    .bss                ip_addr.o
    0x2000e6b8   0x00000038   Zero   RW         1518    .bss                memp.o
    0x2000e6f0   0x00000014   Zero   RW         1644    .bss                tcp_in.o
    0x2000e704   0x000000c0   Zero   RW         1800    .bss                sockets.o
    0x2000e7c4   0x00000048   Zero   RW         1864    .bss                lwip_comm.o
    0x2000e80c   0x00000014   Zero   RW         2019    .bss                picture.o
    0x2000e820   0x000006a4   Zero   RW         2041    .bss                4g.o
    0x2000eec4   0x00000100   Zero   RW         2093    .bss                ftpd.o
    0x2000efc4   0x000000c8   Zero   RW         2114    .bss                dmausart.o
    0x2000f08c   0x00000111   Zero   RW         2157    .bss                protocol.o
    0x2000f19d   0x00000079   Zero   RW         2177    .bss                memory_my.o
    0x2000f216   0x00000002   PAD
    0x2000f218   0x00000060   Zero   RW         2434    .bss                c_w.l(libspace.o)
    0x2000f278   0x00000200   Zero   RW          766    HEAP                startup_stm32f10x_hd.o
    0x2000f478   0x00000800   Zero   RW          765    STACK               startup_stm32f10x_hd.o



  Load Region LR$$.ARM.__AT_0x68000000 (Base: 0x68000000, Size: 0x00000000, Max: 0x000f0000, ABSOLUTE)

    Execution Region ER$$.ARM.__AT_0x68000000 (Base: 0x68000000, Size: 0x000f0000, Max: 0x000f0000, ABSOLUTE, UNINIT)

    Base Addr    Size         Type   Attr      Idx    E Section Name        Object

    0x68000000   0x000f0000   Zero   RW         1192    .ARM.__AT_0x68000000  malloc.o



  Load Region LR$$.ARM.__AT_0x680F0000 (Base: 0x680f0000, Size: 0x00000000, Max: 0x0000f000, ABSOLUTE)

    Execution Region ER$$.ARM.__AT_0x680F0000 (Base: 0x680f0000, Size: 0x0000f000, Max: 0x0000f000, ABSOLUTE, UNINIT)

    Base Addr    Size         Type   Attr      Idx    E Section Name        Object

    0x680f0000   0x0000f000   Zero   RW         1193    .ARM.__AT_0x680F0000  malloc.o


==============================================================================

Image component sizes


      Code (inc. data)   RO Data    RW Data    ZI Data      Debug   Object Name

      4492       1652        182         44       1700      18732   4g.o
       552         28         22          0          0       2499   adc.o
      3068        818          0          0          0      17505   api_lib.o
      6080       1222          0          0          0      10143   api_msg.o
      1060        120          0          0          0       4203   bluetooth.o
       180         18     175304          0          0       2121   cc936.o
        62          0          0          0          0       1082   def.o
       304         24          0          4          0       1709   delay.o
       512          8          0          2          0       4090   diskio.o
      2084        286          0          0         18       8374   dm9000.o
       428         26          0          5        200       2125   dmausart.o
      3708        604         80          1        200      16270   etharp.o
       344        116          0          0          0       3710   ethernetif.o
       424         22        412         28          0       5684   exfuns.o
     13232        160         58         10          0      34379   ff.o
      6532       1962         20         17        256       8255   ftpd.o
        38          0          0          0          0       1067   hco5.o
      1092        372          0          0          0       3602   icmp.o
         0          0          0          0          0       3820   inet.o
       692        104          0          0          0       2941   inet_chksum.o
        36          0          0          0          0       4172   init.o
      1112        172          0         18          0      15696   ip.o
       812        112          0          0         16       9039   ip_addr.o
      2600        486          0          6          0       7288   ip_frag.o
        44          0          0          0          0        658   iwdg.o
      1012        336          0         20         72       3860   lwip_comm.o
       496        202          0          0          0     333118   main.o
       556         18         24         28    1082560       4480   malloc.o
      1860        568          0         20          0       4070   mem.o
      1200        238          0         24        121       6699   memory_my.o
       468        196        216         60         56       2916   memp.o
       220         22          0          0          0       1793   misc.o
       944        340          0          0          0       3925   netbuf.o
       820        126          0          9          0       6061   netif.o
      2408        242        256         72       3568      15533   os_core.o
       180         36          0          0          0        316   os_cpu_a.o
       174          0          0          0          0      10346   os_cpu_c.o
      2060         42          0          0          0       6748   os_flag.o
      1548         50          0          0          0       4438   os_mutex.o
      1528         32          0          0          0       5489   os_q.o
       924         20          0          0          0       3834   os_sem.o
      1988         70          0          0          0       7413   os_task.o
       432         30          0          0          0       1754   os_time.o
      4410       1248          0          1          0      10295   pbuf.o
       956        272          0          5         20       5516   picture.o
      7576        990         69         17        273      24215   protocol.o
       680         18          0          0          0       1237   pwctrl.o
       588        134          0          4          0       3261   raw.o
        54          0          0         12        768       1865   rs232.o
       144         14          0          4        255       1766   rs485.o
      1224         86         24         10         10       4548   rtc.o
      1900        116          0          7          0       6832   sd3078rtc.o
      7216        256          0         16        704      24732   sdio_sdcard.o
       388         24         78          4          0       2355   sensor_water.o
      7356        692         64          8        192      17418   sockets.o
       468         26          0          0         36       2024   spi.o
       280         16          0          0          0       1909   sram.o
      1048        130          0         17         16       4284   st16c554.o
        64         26        304          0       2560        784   startup_stm32f10x_hd.o
      1102         26          0          0          0      10829   stm32f10x_adc.o
       196          8          0          0          0       3460   stm32f10x_bkp.o
       596          8          0          0          0       4326   stm32f10x_dma.o
       284         10          0          0          0       2231   stm32f10x_exti.o
      1548         18          0          0          0       5347   stm32f10x_fsmc.o
       860         38          0          0          0       5645   stm32f10x_gpio.o
        22          0          0          0          0        983   stm32f10x_it.o
        64          6          0          0          0       1265   stm32f10x_iwdg.o
       204         14          0          0          0       1911   stm32f10x_pwr.o
       932         36          0         20          0       8808   stm32f10x_rcc.o
       328          4          0          0          0       2666   stm32f10x_rtc.o
       468         22          0          0          0       7088   stm32f10x_sdio.o
       780         14          0          0          0       6522   stm32f10x_spi.o
      1032         22          0          0          0       8364   stm32f10x_usart.o
        12          0          0          0          0        603   sys.o
       980        166          4          0          0       6178   sys_arch.o
       480         38          0         20          0       1691   system_stm32f10x.o
      5572       1130        189         36          0      22016   tcp.o
      7632       1076          0         32         20      16143   tcp_in.o
      5026        954         85          0          0       9671   tcp_out.o
       952        194          0         12          0       9804   tcpip.o
      3320       1168        134         21      10200       6828   thread.o
       732        178          0          8          0       3199   timers.o
      1548        202          0          8          0       6842   udp.o
      1072        186          0         20        400       6303   usart.o
       848         20          0          2       4096       4273   w25qxx.o
      1564         34          0          0          0       5514   wk2124.o
       320         14          0          1          0       1677   wkup.o

    ----------------------------------------------------------------------
    141148      20514     177576        684    1108328     895185   Object Totals
         0          0         32          0          0          0   (incl. Generated)
        16          0         19         31         11          0   (incl. Padding)

    ----------------------------------------------------------------------

      Code (inc. data)   RO Data    RW Data    ZI Data      Debug   Library Member Name

        24          4          0          0          0         84   __2printf.o
        56          6          0          0          0         88   __2snprintf.o
        44          6          0          0          0         84   __2sprintf.o
        90          0          0          0          0          0   __dczerorl2.o
         8          0          0          0          0         68   __main.o
       392          4         17          0          0         92   __printf_flags_ss_wp.o
        14          0          0          0          0         68   __printf_wp.o
         0          0          0          0          0          0   __rtentry.o
        12          0          0          0          0          0   __rtentry2.o
         6          0          0          0          0          0   __rtentry4.o
        52          8          0          0          0          0   __scatter.o
        28          0          0          0          0          0   __scatter_zi.o
        28          0          0          0          0         68   _chval.o
         6          0          0          0          0          0   _printf_a.o
         6          0          0          0          0          0   _printf_c.o
        44          0          0          0          0        108   _printf_char.o
        48          6          0          0          0         96   _printf_char_common.o
        36          4          0          0          0         80   _printf_char_file.o
        40          0          0          0          0         68   _printf_charcount.o
         6          0          0          0          0          0   _printf_d.o
       120         16          0          0          0         92   _printf_dec.o
         6          0          0          0          0          0   _printf_e.o
         6          0          0          0          0          0   _printf_f.o
      1050          0          0          0          0        216   _printf_fp_dec.o
       128         16          0          0          0         84   _printf_fp_infnan.o
         6          0          0          0          0          0   _printf_g.o
       148          4         40          0          0        160   _printf_hex_int_ll_ptr.o
         6          0          0          0          0          0   _printf_i.o
       178          0          0          0          0         88   _printf_intcommon.o
        10          0          0          0          0          0   _printf_l.o
         6          0          0          0          0          0   _printf_lc.o
        10          0          0          0          0          0   _printf_ll.o
         6          0          0          0          0          0   _printf_lld.o
         6          0          0          0          0          0   _printf_lli.o
         6          0          0          0          0          0   _printf_llo.o
         6          0          0          0          0          0   _printf_llu.o
         6          0          0          0          0          0   _printf_llx.o
       124         16          0          0          0         92   _printf_longlong_dec.o
         6          0          0          0          0          0   _printf_ls.o
         6          0          0          0          0          0   _printf_n.o
         6          0          0          0          0          0   _printf_o.o
       112          8          0          0          0        124   _printf_oct_int_ll.o
         6          0          0          0          0          0   _printf_p.o
        78          0          0          0          0        108   _printf_pad.o
         0          0          0          0          0          0   _printf_percent.o
         4          0          0          0          0          0   _printf_percent_end.o
         6          0          0          0          0          0   _printf_s.o
        82          0          0          0          0         80   _printf_str.o
        36          0          0          0          0         84   _printf_truncate.o
         6          0          0          0          0          0   _printf_u.o
        44          0          0          0          0        108   _printf_wchar.o
       188          6          8          0          0         92   _printf_wctomb.o
         6          0          0          0          0          0   _printf_x.o
        16          0          0          0          0         68   _snputc.o
        10          0          0          0          0         68   _sputc.o
       158          0          0          0          0         92   _strtoul.o
        64          0          0          0          0         92   _wcrtomb.o
        26          0          0          0          0         80   atoi.o
       220          4        148          0          0         96   bigflt0.o
      1910        128          0          0          0        672   btod.o
        52          4          0          0          0         80   c89vsnprintf.o
        12          0          0          0          0         72   exit.o
         8          0          0          0          0         68   ferror.o
         6          0          0          0          0        152   heapauxi.o
        44         10        272          0          0         76   lc_ctype_c.o
        44         10         28          0          0         76   lc_numeric_c.o
         2          0          0          0          0          0   libinit.o
        30          0          0          0          0          0   libinit2.o
         2          0          0          0          0          0   libshutdown.o
         2          0          0          0          0          0   libshutdown2.o
         8          4          0          0         96         68   libspace.o
        72          0          0          0          0         76   llsdiv.o
       138          0          0          0          0         80   lludiv10.o
       238          0          0          0          0        100   lludivv7m.o
        88          0          0          0          0         76   memcmp.o
        16          4          0          0          0         76   rt_ctype_table.o
         8          4          0          0          0         68   rt_errno_addr_intlibspace.o
         8          4          0          0          0         68   rt_locale_intlibspace.o
        68          0          0          0          0         68   rt_memclr.o
        78          0          0          0          0         80   rt_memclr_w.o
       138          0          0          0          0         68   rt_memcpy_v6.o
       100          0          0          0          0         80   rt_memcpy_w.o
         2          0          0          0          0          0   rtexit.o
        10          0          0          0          0          0   rtexit2.o
        20          0          0          0          0         68   strchr.o
       128          0          0          0          0         68   strcmpv7m.o
        72          0          0          0          0         80   strcpy.o
        32          0          0          0          0         80   strcspn.o
        62          0          0          0          0         76   strlen.o
        28          0          0          0          0         80   strspn.o
        36          0          0          0          0         80   strstr.o
        12          6          0          4          0         68   strtok.o
        68          4          0          0          0         84   strtok_int.o
       112          0          0          0          0         88   strtol.o
        74          0          0          0          0         80   sys_stackheap_outer.o
         2          0          0          0          0         68   use_no_semi.o
         2          0          0          0          0         68   use_no_semi_2.o
        98          4          0          0          0         92   d2f.o
       688        140          0          0          0        208   ddiv.o
        84          0          0          0          0        136   dflt_clz.o
       340         12          0          0          0        104   dmul.o
       156          4          0          0          0         92   dnaninf.o
        12          0          0          0          0         68   dretinf.o
        86          4          0          0          0         84   f2d.o
       430          8          0          0          0        168   faddsub_clz.o
        24          0          0          0          0         68   fcmpi.o
       388         76          0          0          0         96   fdiv.o
        54          4          0          0          0         84   ffix.o
        62          4          0          0          0         84   ffixu.o
        86          0          0          0          0        136   fflt_clz.o
       104          4          0          0          0         84   fleqf.o
       258          4          0          0          0         84   fmul.o
       140          4          0          0          0         84   fnaninf.o
        10          0          0          0          0         68   fretinf.o
        98          0          0          0          0         68   frleqf.o
         4          0          0          0          0         68   printf1.o
         0          0          0          0          0          0   usenofp.o
        40          0          0          0          0         68   fpclassify.o

    ----------------------------------------------------------------------
     10774        554        514          4         96       7764   Library Totals
        32          0          1          0          0          0   (incl. Padding)

    ----------------------------------------------------------------------

      Code (inc. data)   RO Data    RW Data    ZI Data      Debug   Library Name

      7580        286        513          4         96       5820   c_w.l
      3122        268          0          0          0       1876   fz_ws.l
        40          0          0          0          0         68   m_ws.l

    ----------------------------------------------------------------------
     10774        554        514          4         96       7764   Library Totals

    ----------------------------------------------------------------------

==============================================================================


      Code (inc. data)   RO Data    RW Data    ZI Data      Debug   

    151922      21068     178090        688    1108424     890673   Grand Totals
    151922      21068     178090        164    1108424     890673   ELF Image Totals (compressed)
    151922      21068     178090        164          0          0   ROM Totals

==============================================================================

    Total RO  Size (Code + RO Data)               330012 ( 322.28kB)
    Total RW  Size (RW Data + ZI Data)           1109112 (1083.12kB)
    Total ROM Size (Code + RO Data + RW Data)     330176 ( 322.44kB)

==============================================================================

